javac : C:\Users\aniru\OneDrive\Documents\My 
Portfolio\Projects\JavaProjects\ChessApp (took 2 months to 
make)\Scaccomatto_final\Scaccomatto\src\AnalysisGame.java:26: error: 
unmappable character (0x9D) for encoding windows-1252
At line:1 char:107
+ ... Path bin }; javac -d bin (Get-ChildItem -Path src -Recurse -Filter "* ...
+                 ~~~~~~~~~~~~~~~~~~~~~~~~~~~~~~~~~~~~~~~~~~~~~~~~~~~~~~~~~
    + CategoryInfo          : NotSpecified: (C:\Users\aniru\...ng windows-1252 
   :String) [], RemoteException
    + FullyQualifiedErrorId : NativeCommandError
 
    // ├óΓÇ?Γé¼├óΓÇ?Γé¼ single-worker analysis ├óΓÇ?Γé¼├óΓÇ?Γé¼├óΓÇ?Γé¼├óΓÇ?Γé¼
├óΓÇ?Γé¼├óΓÇ?Γé¼├óΓÇ?Γé¼├óΓÇ?Γé¼├óΓÇ?Γé¼├óΓÇ?Γé¼├óΓÇ?Γé¼├óΓÇ?Γé¼├óΓÇ?Γé¼├óΓÇ?Γé
¼├óΓÇ?Γé¼├óΓÇ?Γé¼├óΓÇ?Γé¼├óΓÇ?Γé¼├óΓÇ?Γé¼├óΓÇ?Γé¼├óΓÇ?Γé¼├óΓÇ?Γé¼├óΓÇ?Γé¼├óΓÇ?Γ
é¼├óΓÇ?Γé¼├óΓÇ?Γé¼├óΓÇ?Γé¼├óΓÇ?Γé¼├óΓÇ?Γé¼├óΓÇ?Γé¼├óΓÇ?Γé¼├óΓÇ?Γé¼├óΓÇ?Γé¼├óΓÇ?
Γé¼├óΓÇ?Γé¼├óΓÇ?Γé¼├óΓÇ?Γé¼├óΓÇ?Γé¼├óΓÇ?Γé¼├óΓÇ?Γé¼├óΓÇ?Γé¼├óΓÇ?Γé¼├óΓÇ?Γé¼├óΓÇ
?Γé¼├óΓÇ?Γé¼├óΓÇ?Γé¼
           ^
C:\Users\aniru\OneDrive\Documents\My Portfolio\Projects\JavaProjects\ChessApp 
(took 2 months to 
make)\Scaccomatto_final\Scaccomatto\src\AnalysisGame.java:26: error: 
unmappable character (0x9D) for encoding windows-1252
    // ├óΓÇ?Γé¼├óΓÇ?Γé¼ single-worker analysis ├óΓÇ?Γé¼├óΓÇ?Γé¼├óΓÇ?Γé¼├óΓÇ?Γé¼
├óΓÇ?Γé¼├óΓÇ?Γé¼├óΓÇ?Γé¼├óΓÇ?Γé¼├óΓÇ?Γé¼├óΓÇ?Γé¼├óΓÇ?Γé¼├óΓÇ?Γé¼├óΓÇ?Γé¼├óΓÇ?Γé
¼├óΓÇ?Γé¼├óΓÇ?Γé¼├óΓÇ?Γé¼├óΓÇ?Γé¼├óΓÇ?Γé¼├óΓÇ?Γé¼├óΓÇ?Γé¼├óΓÇ?Γé¼├óΓÇ?Γé¼├óΓÇ?Γ
é¼├óΓÇ?Γé¼├óΓÇ?Γé¼├óΓÇ?Γé¼├óΓÇ?Γé¼├óΓÇ?Γé¼├óΓÇ?Γé¼├óΓÇ?Γé¼├óΓÇ?Γé¼├óΓÇ?Γé¼├óΓÇ?
Γé¼├óΓÇ?Γé¼├óΓÇ?Γé¼├óΓÇ?Γé¼├óΓÇ?Γé¼├óΓÇ?Γé¼├óΓÇ?Γé¼├óΓÇ?Γé¼├óΓÇ?Γé¼├óΓÇ?Γé¼├óΓÇ
?Γé¼├óΓÇ?Γé¼├óΓÇ?Γé¼
                   ^
C:\Users\aniru\OneDrive\Documents\My Portfolio\Projects\JavaProjects\ChessApp 
(took 2 months to 
make)\Scaccomatto_final\Scaccomatto\src\AnalysisGame.java:26: error: 
unmappable character (0x9D) for encoding windows-1252
    // ├óΓÇ?Γé¼├óΓÇ?Γé¼ single-worker analysis ├óΓÇ?Γé¼├óΓÇ?Γé¼├óΓÇ?Γé¼├óΓÇ?Γé¼
├óΓÇ?Γé¼├óΓÇ?Γé¼├óΓÇ?Γé¼├óΓÇ?Γé¼├óΓÇ?Γé¼├óΓÇ?Γé¼├óΓÇ?Γé¼├óΓÇ?Γé¼├óΓÇ?Γé¼├óΓÇ?Γé
¼├óΓÇ?Γé¼├óΓÇ?Γé¼├óΓÇ?Γé¼├óΓÇ?Γé¼├óΓÇ?Γé¼├óΓÇ?Γé¼├óΓÇ?Γé¼├óΓÇ?Γé¼├óΓÇ?Γé¼├óΓÇ?Γ
é¼├óΓÇ?Γé¼├óΓÇ?Γé¼├óΓÇ?Γé¼├óΓÇ?Γé¼├óΓÇ?Γé¼├óΓÇ?Γé¼├óΓÇ?Γé¼├óΓÇ?Γé¼├óΓÇ?Γé¼├óΓÇ?
Γé¼├óΓÇ?Γé¼├óΓÇ?Γé¼├óΓÇ?Γé¼├óΓÇ?Γé¼├óΓÇ?Γé¼├óΓÇ?Γé¼├óΓÇ?Γé¼├óΓÇ?Γé¼├óΓÇ?Γé¼├óΓÇ
?Γé¼├óΓÇ?Γé¼├óΓÇ?Γé¼
                                                   ^
C:\Users\aniru\OneDrive\Documents\My Portfolio\Projects\JavaProjects\ChessApp 
(took 2 months to 
make)\Scaccomatto_final\Scaccomatto\src\AnalysisGame.java:26: error: 
unmappable character (0x9D) for encoding windows-1252
    // ├óΓÇ?Γé¼├óΓÇ?Γé¼ single-worker analysis ├óΓÇ?Γé¼├óΓÇ?Γé¼├óΓÇ?Γé¼├óΓÇ?Γé¼
├óΓÇ?Γé¼├óΓÇ?Γé¼├óΓÇ?Γé¼├óΓÇ?Γé¼├óΓÇ?Γé¼├óΓÇ?Γé¼├óΓÇ?Γé¼├óΓÇ?Γé¼├óΓÇ?Γé¼├óΓÇ?Γé
¼├óΓÇ?Γé¼├óΓÇ?Γé¼├óΓÇ?Γé¼├óΓÇ?Γé¼├óΓÇ?Γé¼├óΓÇ?Γé¼├óΓÇ?Γé¼├óΓÇ?Γé¼├óΓÇ?Γé¼├óΓÇ?Γ
é¼├óΓÇ?Γé¼├óΓÇ?Γé¼├óΓÇ?Γé¼├óΓÇ?Γé¼├óΓÇ?Γé¼├óΓÇ?Γé¼├óΓÇ?Γé¼├óΓÇ?Γé¼├óΓÇ?Γé¼├óΓÇ?
Γé¼├óΓÇ?Γé¼├óΓÇ?Γé¼├óΓÇ?Γé¼├óΓÇ?Γé¼├óΓÇ?Γé¼├óΓÇ?Γé¼├óΓÇ?Γé¼├óΓÇ?Γé¼├óΓÇ?Γé¼├óΓÇ
?Γé¼├óΓÇ?Γé¼├óΓÇ?Γé¼
                                                           ^
C:\Users\aniru\OneDrive\Documents\My Portfolio\Projects\JavaProjects\ChessApp 
(took 2 months to 
make)\Scaccomatto_final\Scaccomatto\src\AnalysisGame.java:26: error: 
unmappable character (0x9D) for encoding windows-1252
    // ├óΓÇ?Γé¼├óΓÇ?Γé¼ single-worker analysis ├óΓÇ?Γé¼├óΓÇ?Γé¼├óΓÇ?Γé¼├óΓÇ?Γé¼
├óΓÇ?Γé¼├óΓÇ?Γé¼├óΓÇ?Γé¼├óΓÇ?Γé¼├óΓÇ?Γé¼├óΓÇ?Γé¼├óΓÇ?Γé¼├óΓÇ?Γé¼├óΓÇ?Γé¼├óΓÇ?Γé
¼├óΓÇ?Γé¼├óΓÇ?Γé¼├óΓÇ?Γé¼├óΓÇ?Γé¼├óΓÇ?Γé¼├óΓÇ?Γé¼├óΓÇ?Γé¼├óΓÇ?Γé¼├óΓÇ?Γé¼├óΓÇ?Γ
é¼├óΓÇ?Γé¼├óΓÇ?Γé¼├óΓÇ?Γé¼├óΓÇ?Γé¼├óΓÇ?Γé¼├óΓÇ?Γé¼├óΓÇ?Γé¼├óΓÇ?Γé¼├óΓÇ?Γé¼├óΓÇ?
Γé¼├óΓÇ?Γé¼├óΓÇ?Γé¼├óΓÇ?Γé¼├óΓÇ?Γé¼├óΓÇ?Γé¼├óΓÇ?Γé¼├óΓÇ?Γé¼├óΓÇ?Γé¼├óΓÇ?Γé¼├óΓÇ
?Γé¼├óΓÇ?Γé¼├óΓÇ?Γé¼
                                                                   ^
C:\Users\aniru\OneDrive\Documents\My Portfolio\Projects\JavaProjects\ChessApp 
(took 2 months to 
make)\Scaccomatto_final\Scaccomatto\src\AnalysisGame.java:26: error: 
unmappable character (0x9D) for encoding windows-1252
    // ├óΓÇ?Γé¼├óΓÇ?Γé¼ single-worker analysis ├óΓÇ?Γé¼├óΓÇ?Γé¼├óΓÇ?Γé¼├óΓÇ?Γé¼
├óΓÇ?Γé¼├óΓÇ?Γé¼├óΓÇ?Γé¼├óΓÇ?Γé¼├óΓÇ?Γé¼├óΓÇ?Γé¼├óΓÇ?Γé¼├óΓÇ?Γé¼├óΓÇ?Γé¼├óΓÇ?Γé
¼├óΓÇ?Γé¼├óΓÇ?Γé¼├óΓÇ?Γé¼├óΓÇ?Γé¼├óΓÇ?Γé¼├óΓÇ?Γé¼├óΓÇ?Γé¼├óΓÇ?Γé¼├óΓÇ?Γé¼├óΓÇ?Γ
é¼├óΓÇ?Γé¼├óΓÇ?Γé¼├óΓÇ?Γé¼├óΓÇ?Γé¼├óΓÇ?Γé¼├óΓÇ?Γé¼├óΓÇ?Γé¼├óΓÇ?Γé¼├óΓÇ?Γé¼├óΓÇ?
Γé¼├óΓÇ?Γé¼├óΓÇ?Γé¼├óΓÇ?Γé¼├óΓÇ?Γé¼├óΓÇ?Γé¼├óΓÇ?Γé¼├óΓÇ?Γé¼├óΓÇ?Γé¼├óΓÇ?Γé¼├óΓÇ
?Γé¼├óΓÇ?Γé¼├óΓÇ?Γé¼
                                                                           ^
C:\Users\aniru\OneDrive\Documents\My Portfolio\Projects\JavaProjects\ChessApp 
(took 2 months to 
make)\Scaccomatto_final\Scaccomatto\src\AnalysisGame.java:26: error: 
unmappable character (0x9D) for encoding windows-1252
    // ├óΓÇ?Γé¼├óΓÇ?Γé¼ single-worker analysis ├óΓÇ?Γé¼├óΓÇ?Γé¼├óΓÇ?Γé¼├óΓÇ?Γé¼
├óΓÇ?Γé¼├óΓÇ?Γé¼├óΓÇ?Γé¼├óΓÇ?Γé¼├óΓÇ?Γé¼├óΓÇ?Γé¼├óΓÇ?Γé¼├óΓÇ?Γé¼├óΓÇ?Γé¼├óΓÇ?Γé
¼├óΓÇ?Γé¼├óΓÇ?Γé¼├óΓÇ?Γé¼├óΓÇ?Γé¼├óΓÇ?Γé¼├óΓÇ?Γé¼├óΓÇ?Γé¼├óΓÇ?Γé¼├óΓÇ?Γé¼├óΓÇ?Γ
é¼├óΓÇ?Γé¼├óΓÇ?Γé¼├óΓÇ?Γé¼├óΓÇ?Γé¼├óΓÇ?Γé¼├óΓÇ?Γé¼├óΓÇ?Γé¼├óΓÇ?Γé¼├óΓÇ?Γé¼├óΓÇ?
Γé¼├óΓÇ?Γé¼├óΓÇ?Γé¼├óΓÇ?Γé¼├óΓÇ?Γé¼├óΓÇ?Γé¼├óΓÇ?Γé¼├óΓÇ?Γé¼├óΓÇ?Γé¼├óΓÇ?Γé¼├óΓÇ
?Γé¼├óΓÇ?Γé¼├óΓÇ?Γé¼
                                                                               
    ^
C:\Users\aniru\OneDrive\Documents\My Portfolio\Projects\JavaProjects\ChessApp 
(took 2 months to 
make)\Scaccomatto_final\Scaccomatto\src\AnalysisGame.java:26: error: 
unmappable character (0x9D) for encoding windows-1252
    // ├óΓÇ?Γé¼├óΓÇ?Γé¼ single-worker analysis ├óΓÇ?Γé¼├óΓÇ?Γé¼├óΓÇ?Γé¼├óΓÇ?Γé¼
├óΓÇ?Γé¼├óΓÇ?Γé¼├óΓÇ?Γé¼├óΓÇ?Γé¼├óΓÇ?Γé¼├óΓÇ?Γé¼├óΓÇ?Γé¼├óΓÇ?Γé¼├óΓÇ?Γé¼├óΓÇ?Γé
¼├óΓÇ?Γé¼├óΓÇ?Γé¼├óΓÇ?Γé¼├óΓÇ?Γé¼├óΓÇ?Γé¼├óΓÇ?Γé¼├óΓÇ?Γé¼├óΓÇ?Γé¼├óΓÇ?Γé¼├óΓÇ?Γ
é¼├óΓÇ?Γé¼├óΓÇ?Γé¼├óΓÇ?Γé¼├óΓÇ?Γé¼├óΓÇ?Γé¼├óΓÇ?Γé¼├óΓÇ?Γé¼├óΓÇ?Γé¼├óΓÇ?Γé¼├óΓÇ?
Γé¼├óΓÇ?Γé¼├óΓÇ?Γé¼├óΓÇ?Γé¼├óΓÇ?Γé¼├óΓÇ?Γé¼├óΓÇ?Γé¼├óΓÇ?Γé¼├óΓÇ?Γé¼├óΓÇ?Γé¼├óΓÇ
?Γé¼├óΓÇ?Γé¼├óΓÇ?Γé¼
                                                                               
            ^
C:\Users\aniru\OneDrive\Documents\My Portfolio\Projects\JavaProjects\ChessApp 
(took 2 months to 
make)\Scaccomatto_final\Scaccomatto\src\AnalysisGame.java:26: error: 
unmappable character (0x9D) for encoding windows-1252
    // ├óΓÇ?Γé¼├óΓÇ?Γé¼ single-worker analysis ├óΓÇ?Γé¼├óΓÇ?Γé¼├óΓÇ?Γé¼├óΓÇ?Γé¼
├óΓÇ?Γé¼├óΓÇ?Γé¼├óΓÇ?Γé¼├óΓÇ?Γé¼├óΓÇ?Γé¼├óΓÇ?Γé¼├óΓÇ?Γé¼├óΓÇ?Γé¼├óΓÇ?Γé¼├óΓÇ?Γé
¼├óΓÇ?Γé¼├óΓÇ?Γé¼├óΓÇ?Γé¼├óΓÇ?Γé¼├óΓÇ?Γé¼├óΓÇ?Γé¼├óΓÇ?Γé¼├óΓÇ?Γé¼├óΓÇ?Γé¼├óΓÇ?Γ
é¼├óΓÇ?Γé¼├óΓÇ?Γé¼├óΓÇ?Γé¼├óΓÇ?Γé¼├óΓÇ?Γé¼├óΓÇ?Γé¼├óΓÇ?Γé¼├óΓÇ?Γé¼├óΓÇ?Γé¼├óΓÇ?
Γé¼├óΓÇ?Γé¼├óΓÇ?Γé¼├óΓÇ?Γé¼├óΓÇ?Γé¼├óΓÇ?Γé¼├óΓÇ?Γé¼├óΓÇ?Γé¼├óΓÇ?Γé¼├óΓÇ?Γé¼├óΓÇ
?Γé¼├óΓÇ?Γé¼├óΓÇ?Γé¼
                                                                               
                    ^
C:\Users\aniru\OneDrive\Documents\My Portfolio\Projects\JavaProjects\ChessApp 
(took 2 months to 
make)\Scaccomatto_final\Scaccomatto\src\AnalysisGame.java:26: error: 
unmappable character (0x9D) for encoding windows-1252
    // ├óΓÇ?Γé¼├óΓÇ?Γé¼ single-worker analysis ├óΓÇ?Γé¼├óΓÇ?Γé¼├óΓÇ?Γé¼├óΓÇ?Γé¼
├óΓÇ?Γé¼├óΓÇ?Γé¼├óΓÇ?Γé¼├óΓÇ?Γé¼├óΓÇ?Γé¼├óΓÇ?Γé¼├óΓÇ?Γé¼├óΓÇ?Γé¼├óΓÇ?Γé¼├óΓÇ?Γé
¼├óΓÇ?Γé¼├óΓÇ?Γé¼├óΓÇ?Γé¼├óΓÇ?Γé¼├óΓÇ?Γé¼├óΓÇ?Γé¼├óΓÇ?Γé¼├óΓÇ?Γé¼├óΓÇ?Γé¼├óΓÇ?Γ
é¼├óΓÇ?Γé¼├óΓÇ?Γé¼├óΓÇ?Γé¼├óΓÇ?Γé¼├óΓÇ?Γé¼├óΓÇ?Γé¼├óΓÇ?Γé¼├óΓÇ?Γé¼├óΓÇ?Γé¼├óΓÇ?
Γé¼├óΓÇ?Γé¼├óΓÇ?Γé¼├óΓÇ?Γé¼├óΓÇ?Γé¼├óΓÇ?Γé¼├óΓÇ?Γé¼├óΓÇ?Γé¼├óΓÇ?Γé¼├óΓÇ?Γé¼├óΓÇ
?Γé¼├óΓÇ?Γé¼├óΓÇ?Γé¼
                                                                               
                            ^
C:\Users\aniru\OneDrive\Documents\My Portfolio\Projects\JavaProjects\ChessApp 
(took 2 months to 
make)\Scaccomatto_final\Scaccomatto\src\AnalysisGame.java:26: error: 
unmappable character (0x9D) for encoding windows-1252
    // ├óΓÇ?Γé¼├óΓÇ?Γé¼ single-worker analysis ├óΓÇ?Γé¼├óΓÇ?Γé¼├óΓÇ?Γé¼├óΓÇ?Γé¼
├óΓÇ?Γé¼├óΓÇ?Γé¼├óΓÇ?Γé¼├óΓÇ?Γé¼├óΓÇ?Γé¼├óΓÇ?Γé¼├óΓÇ?Γé¼├óΓÇ?Γé¼├óΓÇ?Γé¼├óΓÇ?Γé
¼├óΓÇ?Γé¼├óΓÇ?Γé¼├óΓÇ?Γé¼├óΓÇ?Γé¼├óΓÇ?Γé¼├óΓÇ?Γé¼├óΓÇ?Γé¼├óΓÇ?Γé¼├óΓÇ?Γé¼├óΓÇ?Γ
é¼├óΓÇ?Γé¼├óΓÇ?Γé¼├óΓÇ?Γé¼├óΓÇ?Γé¼├óΓÇ?Γé¼├óΓÇ?Γé¼├óΓÇ?Γé¼├óΓÇ?Γé¼├óΓÇ?Γé¼├óΓÇ?
Γé¼├óΓÇ?Γé¼├óΓÇ?Γé¼├óΓÇ?Γé¼├óΓÇ?Γé¼├óΓÇ?Γé¼├óΓÇ?Γé¼├óΓÇ?Γé¼├óΓÇ?Γé¼├óΓÇ?Γé¼├óΓÇ
?Γé¼├óΓÇ?Γé¼├óΓÇ?Γé¼
                                                                               
                                    ^
C:\Users\aniru\OneDrive\Documents\My Portfolio\Projects\JavaProjects\ChessApp 
(took 2 months to 
make)\Scaccomatto_final\Scaccomatto\src\AnalysisGame.java:26: error: 
unmappable character (0x9D) for encoding windows-1252
    // ├óΓÇ?Γé¼├óΓÇ?Γé¼ single-worker analysis ├óΓÇ?Γé¼├óΓÇ?Γé¼├óΓÇ?Γé¼├óΓÇ?Γé¼
├óΓÇ?Γé¼├óΓÇ?Γé¼├óΓÇ?Γé¼├óΓÇ?Γé¼├óΓÇ?Γé¼├óΓÇ?Γé¼├óΓÇ?Γé¼├óΓÇ?Γé¼├óΓÇ?Γé¼├óΓÇ?Γé
¼├óΓÇ?Γé¼├óΓÇ?Γé¼├óΓÇ?Γé¼├óΓÇ?Γé¼├óΓÇ?Γé¼├óΓÇ?Γé¼├óΓÇ?Γé¼├óΓÇ?Γé¼├óΓÇ?Γé¼├óΓÇ?Γ
é¼├óΓÇ?Γé¼├óΓÇ?Γé¼├óΓÇ?Γé¼├óΓÇ?Γé¼├óΓÇ?Γé¼├óΓÇ?Γé¼├óΓÇ?Γé¼├óΓÇ?Γé¼├óΓÇ?Γé¼├óΓÇ?
Γé¼├óΓÇ?Γé¼├óΓÇ?Γé¼├óΓÇ?Γé¼├óΓÇ?Γé¼├óΓÇ?Γé¼├óΓÇ?Γé¼├óΓÇ?Γé¼├óΓÇ?Γé¼├óΓÇ?Γé¼├óΓÇ
?Γé¼├óΓÇ?Γé¼├óΓÇ?Γé¼
                                                                               
                                            ^
C:\Users\aniru\OneDrive\Documents\My Portfolio\Projects\JavaProjects\ChessApp 
(took 2 months to 
make)\Scaccomatto_final\Scaccomatto\src\AnalysisGame.java:26: error: 
unmappable character (0x9D) for encoding windows-1252
    // ├óΓÇ?Γé¼├óΓÇ?Γé¼ single-worker analysis ├óΓÇ?Γé¼├óΓÇ?Γé¼├óΓÇ?Γé¼├óΓÇ?Γé¼
├óΓÇ?Γé¼├óΓÇ?Γé¼├óΓÇ?Γé¼├óΓÇ?Γé¼├óΓÇ?Γé¼├óΓÇ?Γé¼├óΓÇ?Γé¼├óΓÇ?Γé¼├óΓÇ?Γé¼├óΓÇ?Γé
¼├óΓÇ?Γé¼├óΓÇ?Γé¼├óΓÇ?Γé¼├óΓÇ?Γé¼├óΓÇ?Γé¼├óΓÇ?Γé¼├óΓÇ?Γé¼├óΓÇ?Γé¼├óΓÇ?Γé¼├óΓÇ?Γ
é¼├óΓÇ?Γé¼├óΓÇ?Γé¼├óΓÇ?Γé¼├óΓÇ?Γé¼├óΓÇ?Γé¼├óΓÇ?Γé¼├óΓÇ?Γé¼├óΓÇ?Γé¼├óΓÇ?Γé¼├óΓÇ?
Γé¼├óΓÇ?Γé¼├óΓÇ?Γé¼├óΓÇ?Γé¼├óΓÇ?Γé¼├óΓÇ?Γé¼├óΓÇ?Γé¼├óΓÇ?Γé¼├óΓÇ?Γé¼├óΓÇ?Γé¼├óΓÇ
?Γé¼├óΓÇ?Γé¼├óΓÇ?Γé¼
                                                                               
                                                    ^
C:\Users\aniru\OneDrive\Documents\My Portfolio\Projects\JavaProjects\ChessApp 
(took 2 months to 
make)\Scaccomatto_final\Scaccomatto\src\AnalysisGame.java:26: error: 
unmappable character (0x9D) for encoding windows-1252
    // ├óΓÇ?Γé¼├óΓÇ?Γé¼ single-worker analysis ├óΓÇ?Γé¼├óΓÇ?Γé¼├óΓÇ?Γé¼├óΓÇ?Γé¼
├óΓÇ?Γé¼├óΓÇ?Γé¼├óΓÇ?Γé¼├óΓÇ?Γé¼├óΓÇ?Γé¼├óΓÇ?Γé¼├óΓÇ?Γé¼├óΓÇ?Γé¼├óΓÇ?Γé¼├óΓÇ?Γé
¼├óΓÇ?Γé¼├óΓÇ?Γé¼├óΓÇ?Γé¼├óΓÇ?Γé¼├óΓÇ?Γé¼├óΓÇ?Γé¼├óΓÇ?Γé¼├óΓÇ?Γé¼├óΓÇ?Γé¼├óΓÇ?Γ
é¼├óΓÇ?Γé¼├óΓÇ?Γé¼├óΓÇ?Γé¼├óΓÇ?Γé¼├óΓÇ?Γé¼├óΓÇ?Γé¼├óΓÇ?Γé¼├óΓÇ?Γé¼├óΓÇ?Γé¼├óΓÇ?
Γé¼├óΓÇ?Γé¼├óΓÇ?Γé¼├óΓÇ?Γé¼├óΓÇ?Γé¼├óΓÇ?Γé¼├óΓÇ?Γé¼├óΓÇ?Γé¼├óΓÇ?Γé¼├óΓÇ?Γé¼├óΓÇ
?Γé¼├óΓÇ?Γé¼├óΓÇ?Γé¼
                                                                               
                                                            ^
C:\Users\aniru\OneDrive\Documents\My Portfolio\Projects\JavaProjects\ChessApp 
(took 2 months to 
make)\Scaccomatto_final\Scaccomatto\src\AnalysisGame.java:26: error: 
unmappable character (0x9D) for encoding windows-1252
    // ├óΓÇ?Γé¼├óΓÇ?Γé¼ single-worker analysis ├óΓÇ?Γé¼├óΓÇ?Γé¼├óΓÇ?Γé¼├óΓÇ?Γé¼
├óΓÇ?Γé¼├óΓÇ?Γé¼├óΓÇ?Γé¼├óΓÇ?Γé¼├óΓÇ?Γé¼├óΓÇ?Γé¼├óΓÇ?Γé¼├óΓÇ?Γé¼├óΓÇ?Γé¼├óΓÇ?Γé
¼├óΓÇ?Γé¼├óΓÇ?Γé¼├óΓÇ?Γé¼├óΓÇ?Γé¼├óΓÇ?Γé¼├óΓÇ?Γé¼├óΓÇ?Γé¼├óΓÇ?Γé¼├óΓÇ?Γé¼├óΓÇ?Γ
é¼├óΓÇ?Γé¼├óΓÇ?Γé¼├óΓÇ?Γé¼├óΓÇ?Γé¼├óΓÇ?Γé¼├óΓÇ?Γé¼├óΓÇ?Γé¼├óΓÇ?Γé¼├óΓÇ?Γé¼├óΓÇ?
Γé¼├óΓÇ?Γé¼├óΓÇ?Γé¼├óΓÇ?Γé¼├óΓÇ?Γé¼├óΓÇ?Γé¼├óΓÇ?Γé¼├óΓÇ?Γé¼├óΓÇ?Γé¼├óΓÇ?Γé¼├óΓÇ
?Γé¼├óΓÇ?Γé¼├óΓÇ?Γé¼
                                                                               
                                                                    ^
C:\Users\aniru\OneDrive\Documents\My Portfolio\Projects\JavaProjects\ChessApp 
(took 2 months to 
make)\Scaccomatto_final\Scaccomatto\src\AnalysisGame.java:26: error: 
unmappable character (0x9D) for encoding windows-1252
    // ├óΓÇ?Γé¼├óΓÇ?Γé¼ single-worker analysis ├óΓÇ?Γé¼├óΓÇ?Γé¼├óΓÇ?Γé¼├óΓÇ?Γé¼
├óΓÇ?Γé¼├óΓÇ?Γé¼├óΓÇ?Γé¼├óΓÇ?Γé¼├óΓÇ?Γé¼├óΓÇ?Γé¼├óΓÇ?Γé¼├óΓÇ?Γé¼├óΓÇ?Γé¼├óΓÇ?Γé
¼├óΓÇ?Γé¼├óΓÇ?Γé¼├óΓÇ?Γé¼├óΓÇ?Γé¼├óΓÇ?Γé¼├óΓÇ?Γé¼├óΓÇ?Γé¼├óΓÇ?Γé¼├óΓÇ?Γé¼├óΓÇ?Γ
é¼├óΓÇ?Γé¼├óΓÇ?Γé¼├óΓÇ?Γé¼├óΓÇ?Γé¼├óΓÇ?Γé¼├óΓÇ?Γé¼├óΓÇ?Γé¼├óΓÇ?Γé¼├óΓÇ?Γé¼├óΓÇ?
Γé¼├óΓÇ?Γé¼├óΓÇ?Γé¼├óΓÇ?Γé¼├óΓÇ?Γé¼├óΓÇ?Γé¼├óΓÇ?Γé¼├óΓÇ?Γé¼├óΓÇ?Γé¼├óΓÇ?Γé¼├óΓÇ
?Γé¼├óΓÇ?Γé¼├óΓÇ?Γé¼
                                                                               
                                                                            ^
C:\Users\aniru\OneDrive\Documents\My Portfolio\Projects\JavaProjects\ChessApp 
(took 2 months to 
make)\Scaccomatto_final\Scaccomatto\src\AnalysisGame.java:26: error: 
unmappable character (0x9D) for encoding windows-1252
    // ├óΓÇ?Γé¼├óΓÇ?Γé¼ single-worker analysis ├óΓÇ?Γé¼├óΓÇ?Γé¼├óΓÇ?Γé¼├óΓÇ?Γé¼
├óΓÇ?Γé¼├óΓÇ?Γé¼├óΓÇ?Γé¼├óΓÇ?Γé¼├óΓÇ?Γé¼├óΓÇ?Γé¼├óΓÇ?Γé¼├óΓÇ?Γé¼├óΓÇ?Γé¼├óΓÇ?Γé
¼├óΓÇ?Γé¼├óΓÇ?Γé¼├óΓÇ?Γé¼├óΓÇ?Γé¼├óΓÇ?Γé¼├óΓÇ?Γé¼├óΓÇ?Γé¼├óΓÇ?Γé¼├óΓÇ?Γé¼├óΓÇ?Γ
é¼├óΓÇ?Γé¼├óΓÇ?Γé¼├óΓÇ?Γé¼├óΓÇ?Γé¼├óΓÇ?Γé¼├óΓÇ?Γé¼├óΓÇ?Γé¼├óΓÇ?Γé¼├óΓÇ?Γé¼├óΓÇ?
Γé¼├óΓÇ?Γé¼├óΓÇ?Γé¼├óΓÇ?Γé¼├óΓÇ?Γé¼├óΓÇ?Γé¼├óΓÇ?Γé¼├óΓÇ?Γé¼├óΓÇ?Γé¼├óΓÇ?Γé¼├óΓÇ
?Γé¼├óΓÇ?Γé¼├óΓÇ?Γé¼
                                                                               
                                                                               
     ^
C:\Users\aniru\OneDrive\Documents\My Portfolio\Projects\JavaProjects\ChessApp 
(took 2 months to 
make)\Scaccomatto_final\Scaccomatto\src\AnalysisGame.java:26: error: 
unmappable character (0x9D) for encoding windows-1252
    // ├óΓÇ?Γé¼├óΓÇ?Γé¼ single-worker analysis ├óΓÇ?Γé¼├óΓÇ?Γé¼├óΓÇ?Γé¼├óΓÇ?Γé¼
├óΓÇ?Γé¼├óΓÇ?Γé¼├óΓÇ?Γé¼├óΓÇ?Γé¼├óΓÇ?Γé¼├óΓÇ?Γé¼├óΓÇ?Γé¼├óΓÇ?Γé¼├óΓÇ?Γé¼├óΓÇ?Γé
¼├óΓÇ?Γé¼├óΓÇ?Γé¼├óΓÇ?Γé¼├óΓÇ?Γé¼├óΓÇ?Γé¼├óΓÇ?Γé¼├óΓÇ?Γé¼├óΓÇ?Γé¼├óΓÇ?Γé¼├óΓÇ?Γ
é¼├óΓÇ?Γé¼├óΓÇ?Γé¼├óΓÇ?Γé¼├óΓÇ?Γé¼├óΓÇ?Γé¼├óΓÇ?Γé¼├óΓÇ?Γé¼├óΓÇ?Γé¼├óΓÇ?Γé¼├óΓÇ?
Γé¼├óΓÇ?Γé¼├óΓÇ?Γé¼├óΓÇ?Γé¼├óΓÇ?Γé¼├óΓÇ?Γé¼├óΓÇ?Γé¼├óΓÇ?Γé¼├óΓÇ?Γé¼├óΓÇ?Γé¼├óΓÇ
?Γé¼├óΓÇ?Γé¼├óΓÇ?Γé¼
                                                                               
                                                                               
             ^
C:\Users\aniru\OneDrive\Documents\My Portfolio\Projects\JavaProjects\ChessApp 
(took 2 months to 
make)\Scaccomatto_final\Scaccomatto\src\AnalysisGame.java:26: error: 
unmappable character (0x9D) for encoding windows-1252
    // ├óΓÇ?Γé¼├óΓÇ?Γé¼ single-worker analysis ├óΓÇ?Γé¼├óΓÇ?Γé¼├óΓÇ?Γé¼├óΓÇ?Γé¼
├óΓÇ?Γé¼├óΓÇ?Γé¼├óΓÇ?Γé¼├óΓÇ?Γé¼├óΓÇ?Γé¼├óΓÇ?Γé¼├óΓÇ?Γé¼├óΓÇ?Γé¼├óΓÇ?Γé¼├óΓÇ?Γé
¼├óΓÇ?Γé¼├óΓÇ?Γé¼├óΓÇ?Γé¼├óΓÇ?Γé¼├óΓÇ?Γé¼├óΓÇ?Γé¼├óΓÇ?Γé¼├óΓÇ?Γé¼├óΓÇ?Γé¼├óΓÇ?Γ
é¼├óΓÇ?Γé¼├óΓÇ?Γé¼├óΓÇ?Γé¼├óΓÇ?Γé¼├óΓÇ?Γé¼├óΓÇ?Γé¼├óΓÇ?Γé¼├óΓÇ?Γé¼├óΓÇ?Γé¼├óΓÇ?
Γé¼├óΓÇ?Γé¼├óΓÇ?Γé¼├óΓÇ?Γé¼├óΓÇ?Γé¼├óΓÇ?Γé¼├óΓÇ?Γé¼├óΓÇ?Γé¼├óΓÇ?Γé¼├óΓÇ?Γé¼├óΓÇ
?Γé¼├óΓÇ?Γé¼├óΓÇ?Γé¼
                                                                               
                                                                               
                     ^
C:\Users\aniru\OneDrive\Documents\My Portfolio\Projects\JavaProjects\ChessApp 
(took 2 months to 
make)\Scaccomatto_final\Scaccomatto\src\AnalysisGame.java:26: error: 
unmappable character (0x9D) for encoding windows-1252
    // ├óΓÇ?Γé¼├óΓÇ?Γé¼ single-worker analysis ├óΓÇ?Γé¼├óΓÇ?Γé¼├óΓÇ?Γé¼├óΓÇ?Γé¼
├óΓÇ?Γé¼├óΓÇ?Γé¼├óΓÇ?Γé¼├óΓÇ?Γé¼├óΓÇ?Γé¼├óΓÇ?Γé¼├óΓÇ?Γé¼├óΓÇ?Γé¼├óΓÇ?Γé¼├óΓÇ?Γé
¼├óΓÇ?Γé¼├óΓÇ?Γé¼├óΓÇ?Γé¼├óΓÇ?Γé¼├óΓÇ?Γé¼├óΓÇ?Γé¼├óΓÇ?Γé¼├óΓÇ?Γé¼├óΓÇ?Γé¼├óΓÇ?Γ
é¼├óΓÇ?Γé¼├óΓÇ?Γé¼├óΓÇ?Γé¼├óΓÇ?Γé¼├óΓÇ?Γé¼├óΓÇ?Γé¼├óΓÇ?Γé¼├óΓÇ?Γé¼├óΓÇ?Γé¼├óΓÇ?
Γé¼├óΓÇ?Γé¼├óΓÇ?Γé¼├óΓÇ?Γé¼├óΓÇ?Γé¼├óΓÇ?Γé¼├óΓÇ?Γé¼├óΓÇ?Γé¼├óΓÇ?Γé¼├óΓÇ?Γé¼├óΓÇ
?Γé¼├óΓÇ?Γé¼├óΓÇ?Γé¼
                                                                               
                                                                               
                             ^
C:\Users\aniru\OneDrive\Documents\My Portfolio\Projects\JavaProjects\ChessApp 
(took 2 months to 
make)\Scaccomatto_final\Scaccomatto\src\AnalysisGame.java:26: error: 
unmappable character (0x9D) for encoding windows-1252
    // ├óΓÇ?Γé¼├óΓÇ?Γé¼ single-worker analysis ├óΓÇ?Γé¼├óΓÇ?Γé¼├óΓÇ?Γé¼├óΓÇ?Γé¼
├óΓÇ?Γé¼├óΓÇ?Γé¼├óΓÇ?Γé¼├óΓÇ?Γé¼├óΓÇ?Γé¼├óΓÇ?Γé¼├óΓÇ?Γé¼├óΓÇ?Γé¼├óΓÇ?Γé¼├óΓÇ?Γé
¼├óΓÇ?Γé¼├óΓÇ?Γé¼├óΓÇ?Γé¼├óΓÇ?Γé¼├óΓÇ?Γé¼├óΓÇ?Γé¼├óΓÇ?Γé¼├óΓÇ?Γé¼├óΓÇ?Γé¼├óΓÇ?Γ
é¼├óΓÇ?Γé¼├óΓÇ?Γé¼├óΓÇ?Γé¼├óΓÇ?Γé¼├óΓÇ?Γé¼├óΓÇ?Γé¼├óΓÇ?Γé¼├óΓÇ?Γé¼├óΓÇ?Γé¼├óΓÇ?
Γé¼├óΓÇ?Γé¼├óΓÇ?Γé¼├óΓÇ?Γé¼├óΓÇ?Γé¼├óΓÇ?Γé¼├óΓÇ?Γé¼├óΓÇ?Γé¼├óΓÇ?Γé¼├óΓÇ?Γé¼├óΓÇ
?Γé¼├óΓÇ?Γé¼├óΓÇ?Γé¼
                                                                               
                                                                               
                                     ^
C:\Users\aniru\OneDrive\Documents\My Portfolio\Projects\JavaProjects\ChessApp 
(took 2 months to 
make)\Scaccomatto_final\Scaccomatto\src\AnalysisGame.java:26: error: 
unmappable character (0x9D) for encoding windows-1252
    // ├óΓÇ?Γé¼├óΓÇ?Γé¼ single-worker analysis ├óΓÇ?Γé¼├óΓÇ?Γé¼├óΓÇ?Γé¼├óΓÇ?Γé¼
├óΓÇ?Γé¼├óΓÇ?Γé¼├óΓÇ?Γé¼├óΓÇ?Γé¼├óΓÇ?Γé¼├óΓÇ?Γé¼├óΓÇ?Γé¼├óΓÇ?Γé¼├óΓÇ?Γé¼├óΓÇ?Γé
¼├óΓÇ?Γé¼├óΓÇ?Γé¼├óΓÇ?Γé¼├óΓÇ?Γé¼├óΓÇ?Γé¼├óΓÇ?Γé¼├óΓÇ?Γé¼├óΓÇ?Γé¼├óΓÇ?Γé¼├óΓÇ?Γ
é¼├óΓÇ?Γé¼├óΓÇ?Γé¼├óΓÇ?Γé¼├óΓÇ?Γé¼├óΓÇ?Γé¼├óΓÇ?Γé¼├óΓÇ?Γé¼├óΓÇ?Γé¼├óΓÇ?Γé¼├óΓÇ?
Γé¼├óΓÇ?Γé¼├óΓÇ?Γé¼├óΓÇ?Γé¼├óΓÇ?Γé¼├óΓÇ?Γé¼├óΓÇ?Γé¼├óΓÇ?Γé¼├óΓÇ?Γé¼├óΓÇ?Γé¼├óΓÇ
?Γé¼├óΓÇ?Γé¼├óΓÇ?Γé¼
                                                                               
                                                                               
                                             ^
C:\Users\aniru\OneDrive\Documents\My Portfolio\Projects\JavaProjects\ChessApp 
(took 2 months to 
make)\Scaccomatto_final\Scaccomatto\src\AnalysisGame.java:26: error: 
unmappable character (0x9D) for encoding windows-1252
    // ├óΓÇ?Γé¼├óΓÇ?Γé¼ single-worker analysis ├óΓÇ?Γé¼├óΓÇ?Γé¼├óΓÇ?Γé¼├óΓÇ?Γé¼
├óΓÇ?Γé¼├óΓÇ?Γé¼├óΓÇ?Γé¼├óΓÇ?Γé¼├óΓÇ?Γé¼├óΓÇ?Γé¼├óΓÇ?Γé¼├óΓÇ?Γé¼├óΓÇ?Γé¼├óΓÇ?Γé
¼├óΓÇ?Γé¼├óΓÇ?Γé¼├óΓÇ?Γé¼├óΓÇ?Γé¼├óΓÇ?Γé¼├óΓÇ?Γé¼├óΓÇ?Γé¼├óΓÇ?Γé¼├óΓÇ?Γé¼├óΓÇ?Γ
é¼├óΓÇ?Γé¼├óΓÇ?Γé¼├óΓÇ?Γé¼├óΓÇ?Γé¼├óΓÇ?Γé¼├óΓÇ?Γé¼├óΓÇ?Γé¼├óΓÇ?Γé¼├óΓÇ?Γé¼├óΓÇ?
Γé¼├óΓÇ?Γé¼├óΓÇ?Γé¼├óΓÇ?Γé¼├óΓÇ?Γé¼├óΓÇ?Γé¼├óΓÇ?Γé¼├óΓÇ?Γé¼├óΓÇ?Γé¼├óΓÇ?Γé¼├óΓÇ
?Γé¼├óΓÇ?Γé¼├óΓÇ?Γé¼
                                                                               
                                                                               
                                                     ^
C:\Users\aniru\OneDrive\Documents\My Portfolio\Projects\JavaProjects\ChessApp 
(took 2 months to 
make)\Scaccomatto_final\Scaccomatto\src\AnalysisGame.java:26: error: 
unmappable character (0x9D) for encoding windows-1252
    // ├óΓÇ?Γé¼├óΓÇ?Γé¼ single-worker analysis ├óΓÇ?Γé¼├óΓÇ?Γé¼├óΓÇ?Γé¼├óΓÇ?Γé¼
├óΓÇ?Γé¼├óΓÇ?Γé¼├óΓÇ?Γé¼├óΓÇ?Γé¼├óΓÇ?Γé¼├óΓÇ?Γé¼├óΓÇ?Γé¼├óΓÇ?Γé¼├óΓÇ?Γé¼├óΓÇ?Γé
¼├óΓÇ?Γé¼├óΓÇ?Γé¼├óΓÇ?Γé¼├óΓÇ?Γé¼├óΓÇ?Γé¼├óΓÇ?Γé¼├óΓÇ?Γé¼├óΓÇ?Γé¼├óΓÇ?Γé¼├óΓÇ?Γ
é¼├óΓÇ?Γé¼├óΓÇ?Γé¼├óΓÇ?Γé¼├óΓÇ?Γé¼├óΓÇ?Γé¼├óΓÇ?Γé¼├óΓÇ?Γé¼├óΓÇ?Γé¼├óΓÇ?Γé¼├óΓÇ?
Γé¼├óΓÇ?Γé¼├óΓÇ?Γé¼├óΓÇ?Γé¼├óΓÇ?Γé¼├óΓÇ?Γé¼├óΓÇ?Γé¼├óΓÇ?Γé¼├óΓÇ?Γé¼├óΓÇ?Γé¼├óΓÇ
?Γé¼├óΓÇ?Γé¼├óΓÇ?Γé¼
                                                                               
                                                                               
                                                             ^
C:\Users\aniru\OneDrive\Documents\My Portfolio\Projects\JavaProjects\ChessApp 
(took 2 months to 
make)\Scaccomatto_final\Scaccomatto\src\AnalysisGame.java:26: error: 
unmappable character (0x9D) for encoding windows-1252
    // ├óΓÇ?Γé¼├óΓÇ?Γé¼ single-worker analysis ├óΓÇ?Γé¼├óΓÇ?Γé¼├óΓÇ?Γé¼├óΓÇ?Γé¼
├óΓÇ?Γé¼├óΓÇ?Γé¼├óΓÇ?Γé¼├óΓÇ?Γé¼├óΓÇ?Γé¼├óΓÇ?Γé¼├óΓÇ?Γé¼├óΓÇ?Γé¼├óΓÇ?Γé¼├óΓÇ?Γé
¼├óΓÇ?Γé¼├óΓÇ?Γé¼├óΓÇ?Γé¼├óΓÇ?Γé¼├óΓÇ?Γé¼├óΓÇ?Γé¼├óΓÇ?Γé¼├óΓÇ?Γé¼├óΓÇ?Γé¼├óΓÇ?Γ
é¼├óΓÇ?Γé¼├óΓÇ?Γé¼├óΓÇ?Γé¼├óΓÇ?Γé¼├óΓÇ?Γé¼├óΓÇ?Γé¼├óΓÇ?Γé¼├óΓÇ?Γé¼├óΓÇ?Γé¼├óΓÇ?
Γé¼├óΓÇ?Γé¼├óΓÇ?Γé¼├óΓÇ?Γé¼├óΓÇ?Γé¼├óΓÇ?Γé¼├óΓÇ?Γé¼├óΓÇ?Γé¼├óΓÇ?Γé¼├óΓÇ?Γé¼├óΓÇ
?Γé¼├óΓÇ?Γé¼├óΓÇ?Γé¼
                                                                               
                                                                               
                                                                     ^
C:\Users\aniru\OneDrive\Documents\My Portfolio\Projects\JavaProjects\ChessApp 
(took 2 months to 
make)\Scaccomatto_final\Scaccomatto\src\AnalysisGame.java:26: error: 
unmappable character (0x9D) for encoding windows-1252
    // ├óΓÇ?Γé¼├óΓÇ?Γé¼ single-worker analysis ├óΓÇ?Γé¼├óΓÇ?Γé¼├óΓÇ?Γé¼├óΓÇ?Γé¼
├óΓÇ?Γé¼├óΓÇ?Γé¼├óΓÇ?Γé¼├óΓÇ?Γé¼├óΓÇ?Γé¼├óΓÇ?Γé¼├óΓÇ?Γé¼├óΓÇ?Γé¼├óΓÇ?Γé¼├óΓÇ?Γé
¼├óΓÇ?Γé¼├óΓÇ?Γé¼├óΓÇ?Γé¼├óΓÇ?Γé¼├óΓÇ?Γé¼├óΓÇ?Γé¼├óΓÇ?Γé¼├óΓÇ?Γé¼├óΓÇ?Γé¼├óΓÇ?Γ
é¼├óΓÇ?Γé¼├óΓÇ?Γé¼├óΓÇ?Γé¼├óΓÇ?Γé¼├óΓÇ?Γé¼├óΓÇ?Γé¼├óΓÇ?Γé¼├óΓÇ?Γé¼├óΓÇ?Γé¼├óΓÇ?
Γé¼├óΓÇ?Γé¼├óΓÇ?Γé¼├óΓÇ?Γé¼├óΓÇ?Γé¼├óΓÇ?Γé¼├óΓÇ?Γé¼├óΓÇ?Γé¼├óΓÇ?Γé¼├óΓÇ?Γé¼├óΓÇ
?Γé¼├óΓÇ?Γé¼├óΓÇ?Γé¼
                                                                               
                                                                               
                                                                             ^
C:\Users\aniru\OneDrive\Documents\My Portfolio\Projects\JavaProjects\ChessApp 
(took 2 months to 
make)\Scaccomatto_final\Scaccomatto\src\AnalysisGame.java:26: error: 
unmappable character (0x9D) for encoding windows-1252
    // ├óΓÇ?Γé¼├óΓÇ?Γé¼ single-worker analysis ├óΓÇ?Γé¼├óΓÇ?Γé¼├óΓÇ?Γé¼├óΓÇ?Γé¼
├óΓÇ?Γé¼├óΓÇ?Γé¼├óΓÇ?Γé¼├óΓÇ?Γé¼├óΓÇ?Γé¼├óΓÇ?Γé¼├óΓÇ?Γé¼├óΓÇ?Γé¼├óΓÇ?Γé¼├óΓÇ?Γé
¼├óΓÇ?Γé¼├óΓÇ?Γé¼├óΓÇ?Γé¼├óΓÇ?Γé¼├óΓÇ?Γé¼├óΓÇ?Γé¼├óΓÇ?Γé¼├óΓÇ?Γé¼├óΓÇ?Γé¼├óΓÇ?Γ
é¼├óΓÇ?Γé¼├óΓÇ?Γé¼├óΓÇ?Γé¼├óΓÇ?Γé¼├óΓÇ?Γé¼├óΓÇ?Γé¼├óΓÇ?Γé¼├óΓÇ?Γé¼├óΓÇ?Γé¼├óΓÇ?
Γé¼├óΓÇ?Γé¼├óΓÇ?Γé¼├óΓÇ?Γé¼├óΓÇ?Γé¼├óΓÇ?Γé¼├óΓÇ?Γé¼├óΓÇ?Γé¼├óΓÇ?Γé¼├óΓÇ?Γé¼├óΓÇ
?Γé¼├óΓÇ?Γé¼├óΓÇ?Γé¼
                                                                               
                                                                               
                                                                               
      ^
C:\Users\aniru\OneDrive\Documents\My Portfolio\Projects\JavaProjects\ChessApp 
(took 2 months to 
make)\Scaccomatto_final\Scaccomatto\src\AnalysisGame.java:26: error: 
unmappable character (0x9D) for encoding windows-1252
    // ├óΓÇ?Γé¼├óΓÇ?Γé¼ single-worker analysis ├óΓÇ?Γé¼├óΓÇ?Γé¼├óΓÇ?Γé¼├óΓÇ?Γé¼
├óΓÇ?Γé¼├óΓÇ?Γé¼├óΓÇ?Γé¼├óΓÇ?Γé¼├óΓÇ?Γé¼├óΓÇ?Γé¼├óΓÇ?Γé¼├óΓÇ?Γé¼├óΓÇ?Γé¼├óΓÇ?Γé
¼├óΓÇ?Γé¼├óΓÇ?Γé¼├óΓÇ?Γé¼├óΓÇ?Γé¼├óΓÇ?Γé¼├óΓÇ?Γé¼├óΓÇ?Γé¼├óΓÇ?Γé¼├óΓÇ?Γé¼├óΓÇ?Γ
é¼├óΓÇ?Γé¼├óΓÇ?Γé¼├óΓÇ?Γé¼├óΓÇ?Γé¼├óΓÇ?Γé¼├óΓÇ?Γé¼├óΓÇ?Γé¼├óΓÇ?Γé¼├óΓÇ?Γé¼├óΓÇ?
Γé¼├óΓÇ?Γé¼├óΓÇ?Γé¼├óΓÇ?Γé¼├óΓÇ?Γé¼├óΓÇ?Γé¼├óΓÇ?Γé¼├óΓÇ?Γé¼├óΓÇ?Γé¼├óΓÇ?Γé¼├óΓÇ
?Γé¼├óΓÇ?Γé¼├óΓÇ?Γé¼
                                                                               
                                                                               
                                                                               
              ^
C:\Users\aniru\OneDrive\Documents\My Portfolio\Projects\JavaProjects\ChessApp 
(took 2 months to 
make)\Scaccomatto_final\Scaccomatto\src\AnalysisGame.java:26: error: 
unmappable character (0x9D) for encoding windows-1252
    // ├óΓÇ?Γé¼├óΓÇ?Γé¼ single-worker analysis ├óΓÇ?Γé¼├óΓÇ?Γé¼├óΓÇ?Γé¼├óΓÇ?Γé¼
├óΓÇ?Γé¼├óΓÇ?Γé¼├óΓÇ?Γé¼├óΓÇ?Γé¼├óΓÇ?Γé¼├óΓÇ?Γé¼├óΓÇ?Γé¼├óΓÇ?Γé¼├óΓÇ?Γé¼├óΓÇ?Γé
¼├óΓÇ?Γé¼├óΓÇ?Γé¼├óΓÇ?Γé¼├óΓÇ?Γé¼├óΓÇ?Γé¼├óΓÇ?Γé¼├óΓÇ?Γé¼├óΓÇ?Γé¼├óΓÇ?Γé¼├óΓÇ?Γ
é¼├óΓÇ?Γé¼├óΓÇ?Γé¼├óΓÇ?Γé¼├óΓÇ?Γé¼├óΓÇ?Γé¼├óΓÇ?Γé¼├óΓÇ?Γé¼├óΓÇ?Γé¼├óΓÇ?Γé¼├óΓÇ?
Γé¼├óΓÇ?Γé¼├óΓÇ?Γé¼├óΓÇ?Γé¼├óΓÇ?Γé¼├óΓÇ?Γé¼├óΓÇ?Γé¼├óΓÇ?Γé¼├óΓÇ?Γé¼├óΓÇ?Γé¼├óΓÇ
?Γé¼├óΓÇ?Γé¼├óΓÇ?Γé¼
                                                                               
                                                                               
                                                                               
                      ^
C:\Users\aniru\OneDrive\Documents\My Portfolio\Projects\JavaProjects\ChessApp 
(took 2 months to 
make)\Scaccomatto_final\Scaccomatto\src\AnalysisGame.java:26: error: 
unmappable character (0x9D) for encoding windows-1252
    // ├óΓÇ?Γé¼├óΓÇ?Γé¼ single-worker analysis ├óΓÇ?Γé¼├óΓÇ?Γé¼├óΓÇ?Γé¼├óΓÇ?Γé¼
├óΓÇ?Γé¼├óΓÇ?Γé¼├óΓÇ?Γé¼├óΓÇ?Γé¼├óΓÇ?Γé¼├óΓÇ?Γé¼├óΓÇ?Γé¼├óΓÇ?Γé¼├óΓÇ?Γé¼├óΓÇ?Γé
¼├óΓÇ?Γé¼├óΓÇ?Γé¼├óΓÇ?Γé¼├óΓÇ?Γé¼├óΓÇ?Γé¼├óΓÇ?Γé¼├óΓÇ?Γé¼├óΓÇ?Γé¼├óΓÇ?Γé¼├óΓÇ?Γ
é¼├óΓÇ?Γé¼├óΓÇ?Γé¼├óΓÇ?Γé¼├óΓÇ?Γé¼├óΓÇ?Γé¼├óΓÇ?Γé¼├óΓÇ?Γé¼├óΓÇ?Γé¼├óΓÇ?Γé¼├óΓÇ?
Γé¼├óΓÇ?Γé¼├óΓÇ?Γé¼├óΓÇ?Γé¼├óΓÇ?Γé¼├óΓÇ?Γé¼├óΓÇ?Γé¼├óΓÇ?Γé¼├óΓÇ?Γé¼├óΓÇ?Γé¼├óΓÇ
?Γé¼├óΓÇ?Γé¼├óΓÇ?Γé¼
                                                                               
                                                                               
                                                                               
                              ^
C:\Users\aniru\OneDrive\Documents\My Portfolio\Projects\JavaProjects\ChessApp 
(took 2 months to 
make)\Scaccomatto_final\Scaccomatto\src\AnalysisGame.java:26: error: 
unmappable character (0x9D) for encoding windows-1252
    // ├óΓÇ?Γé¼├óΓÇ?Γé¼ single-worker analysis ├óΓÇ?Γé¼├óΓÇ?Γé¼├óΓÇ?Γé¼├óΓÇ?Γé¼
├óΓÇ?Γé¼├óΓÇ?Γé¼├óΓÇ?Γé¼├óΓÇ?Γé¼├óΓÇ?Γé¼├óΓÇ?Γé¼├óΓÇ?Γé¼├óΓÇ?Γé¼├óΓÇ?Γé¼├óΓÇ?Γé
¼├óΓÇ?Γé¼├óΓÇ?Γé¼├óΓÇ?Γé¼├óΓÇ?Γé¼├óΓÇ?Γé¼├óΓÇ?Γé¼├óΓÇ?Γé¼├óΓÇ?Γé¼├óΓÇ?Γé¼├óΓÇ?Γ
é¼├óΓÇ?Γé¼├óΓÇ?Γé¼├óΓÇ?Γé¼├óΓÇ?Γé¼├óΓÇ?Γé¼├óΓÇ?Γé¼├óΓÇ?Γé¼├óΓÇ?Γé¼├óΓÇ?Γé¼├óΓÇ?
Γé¼├óΓÇ?Γé¼├óΓÇ?Γé¼├óΓÇ?Γé¼├óΓÇ?Γé¼├óΓÇ?Γé¼├óΓÇ?Γé¼├óΓÇ?Γé¼├óΓÇ?Γé¼├óΓÇ?Γé¼├óΓÇ
?Γé¼├óΓÇ?Γé¼├óΓÇ?Γé¼
                                                                               
                                                                               
                                                                               
                                      ^
C:\Users\aniru\OneDrive\Documents\My Portfolio\Projects\JavaProjects\ChessApp 
(took 2 months to 
make)\Scaccomatto_final\Scaccomatto\src\AnalysisGame.java:26: error: 
unmappable character (0x9D) for encoding windows-1252
    // ├óΓÇ?Γé¼├óΓÇ?Γé¼ single-worker analysis ├óΓÇ?Γé¼├óΓÇ?Γé¼├óΓÇ?Γé¼├óΓÇ?Γé¼
├óΓÇ?Γé¼├óΓÇ?Γé¼├óΓÇ?Γé¼├óΓÇ?Γé¼├óΓÇ?Γé¼├óΓÇ?Γé¼├óΓÇ?Γé¼├óΓÇ?Γé¼├óΓÇ?Γé¼├óΓÇ?Γé
¼├óΓÇ?Γé¼├óΓÇ?Γé¼├óΓÇ?Γé¼├óΓÇ?Γé¼├óΓÇ?Γé¼├óΓÇ?Γé¼├óΓÇ?Γé¼├óΓÇ?Γé¼├óΓÇ?Γé¼├óΓÇ?Γ
é¼├óΓÇ?Γé¼├óΓÇ?Γé¼├óΓÇ?Γé¼├óΓÇ?Γé¼├óΓÇ?Γé¼├óΓÇ?Γé¼├óΓÇ?Γé¼├óΓÇ?Γé¼├óΓÇ?Γé¼├óΓÇ?
Γé¼├óΓÇ?Γé¼├óΓÇ?Γé¼├óΓÇ?Γé¼├óΓÇ?Γé¼├óΓÇ?Γé¼├óΓÇ?Γé¼├óΓÇ?Γé¼├óΓÇ?Γé¼├óΓÇ?Γé¼├óΓÇ
?Γé¼├óΓÇ?Γé¼├óΓÇ?Γé¼
                                                                               
                                                                               
                                                                               
                                              ^
C:\Users\aniru\OneDrive\Documents\My Portfolio\Projects\JavaProjects\ChessApp 
(took 2 months to 
make)\Scaccomatto_final\Scaccomatto\src\AnalysisGame.java:26: error: 
unmappable character (0x9D) for encoding windows-1252
    // ├óΓÇ?Γé¼├óΓÇ?Γé¼ single-worker analysis ├óΓÇ?Γé¼├óΓÇ?Γé¼├óΓÇ?Γé¼├óΓÇ?Γé¼
├óΓÇ?Γé¼├óΓÇ?Γé¼├óΓÇ?Γé¼├óΓÇ?Γé¼├óΓÇ?Γé¼├óΓÇ?Γé¼├óΓÇ?Γé¼├óΓÇ?Γé¼├óΓÇ?Γé¼├óΓÇ?Γé
¼├óΓÇ?Γé¼├óΓÇ?Γé¼├óΓÇ?Γé¼├óΓÇ?Γé¼├óΓÇ?Γé¼├óΓÇ?Γé¼├óΓÇ?Γé¼├óΓÇ?Γé¼├óΓÇ?Γé¼├óΓÇ?Γ
é¼├óΓÇ?Γé¼├óΓÇ?Γé¼├óΓÇ?Γé¼├óΓÇ?Γé¼├óΓÇ?Γé¼├óΓÇ?Γé¼├óΓÇ?Γé¼├óΓÇ?Γé¼├óΓÇ?Γé¼├óΓÇ?
Γé¼├óΓÇ?Γé¼├óΓÇ?Γé¼├óΓÇ?Γé¼├óΓÇ?Γé¼├óΓÇ?Γé¼├óΓÇ?Γé¼├óΓÇ?Γé¼├óΓÇ?Γé¼├óΓÇ?Γé¼├óΓÇ
?Γé¼├óΓÇ?Γé¼├óΓÇ?Γé¼
                                                                               
                                                                               
                                                                               
                                                      ^
C:\Users\aniru\OneDrive\Documents\My Portfolio\Projects\JavaProjects\ChessApp 
(took 2 months to 
make)\Scaccomatto_final\Scaccomatto\src\AnalysisGame.java:26: error: 
unmappable character (0x9D) for encoding windows-1252
    // ├óΓÇ?Γé¼├óΓÇ?Γé¼ single-worker analysis ├óΓÇ?Γé¼├óΓÇ?Γé¼├óΓÇ?Γé¼├óΓÇ?Γé¼
├óΓÇ?Γé¼├óΓÇ?Γé¼├óΓÇ?Γé¼├óΓÇ?Γé¼├óΓÇ?Γé¼├óΓÇ?Γé¼├óΓÇ?Γé¼├óΓÇ?Γé¼├óΓÇ?Γé¼├óΓÇ?Γé
¼├óΓÇ?Γé¼├óΓÇ?Γé¼├óΓÇ?Γé¼├óΓÇ?Γé¼├óΓÇ?Γé¼├óΓÇ?Γé¼├óΓÇ?Γé¼├óΓÇ?Γé¼├óΓÇ?Γé¼├óΓÇ?Γ
é¼├óΓÇ?Γé¼├óΓÇ?Γé¼├óΓÇ?Γé¼├óΓÇ?Γé¼├óΓÇ?Γé¼├óΓÇ?Γé¼├óΓÇ?Γé¼├óΓÇ?Γé¼├óΓÇ?Γé¼├óΓÇ?
Γé¼├óΓÇ?Γé¼├óΓÇ?Γé¼├óΓÇ?Γé¼├óΓÇ?Γé¼├óΓÇ?Γé¼├óΓÇ?Γé¼├óΓÇ?Γé¼├óΓÇ?Γé¼├óΓÇ?Γé¼├óΓÇ
?Γé¼├óΓÇ?Γé¼├óΓÇ?Γé¼
                                                                               
                                                                               
                                                                               
                                                              ^
C:\Users\aniru\OneDrive\Documents\My Portfolio\Projects\JavaProjects\ChessApp 
(took 2 months to 
make)\Scaccomatto_final\Scaccomatto\src\AnalysisGame.java:26: error: 
unmappable character (0x9D) for encoding windows-1252
    // ├óΓÇ?Γé¼├óΓÇ?Γé¼ single-worker analysis ├óΓÇ?Γé¼├óΓÇ?Γé¼├óΓÇ?Γé¼├óΓÇ?Γé¼
├óΓÇ?Γé¼├óΓÇ?Γé¼├óΓÇ?Γé¼├óΓÇ?Γé¼├óΓÇ?Γé¼├óΓÇ?Γé¼├óΓÇ?Γé¼├óΓÇ?Γé¼├óΓÇ?Γé¼├óΓÇ?Γé
¼├óΓÇ?Γé¼├óΓÇ?Γé¼├óΓÇ?Γé¼├óΓÇ?Γé¼├óΓÇ?Γé¼├óΓÇ?Γé¼├óΓÇ?Γé¼├óΓÇ?Γé¼├óΓÇ?Γé¼├óΓÇ?Γ
é¼├óΓÇ?Γé¼├óΓÇ?Γé¼├óΓÇ?Γé¼├óΓÇ?Γé¼├óΓÇ?Γé¼├óΓÇ?Γé¼├óΓÇ?Γé¼├óΓÇ?Γé¼├óΓÇ?Γé¼├óΓÇ?
Γé¼├óΓÇ?Γé¼├óΓÇ?Γé¼├óΓÇ?Γé¼├óΓÇ?Γé¼├óΓÇ?Γé¼├óΓÇ?Γé¼├óΓÇ?Γé¼├óΓÇ?Γé¼├óΓÇ?Γé¼├óΓÇ
?Γé¼├óΓÇ?Γé¼├óΓÇ?Γé¼
                                                                               
                                                                               
                                                                               
                                                                      ^
C:\Users\aniru\OneDrive\Documents\My Portfolio\Projects\JavaProjects\ChessApp 
(took 2 months to 
make)\Scaccomatto_final\Scaccomatto\src\AnalysisGame.java:26: error: 
unmappable character (0x9D) for encoding windows-1252
    // ├óΓÇ?Γé¼├óΓÇ?Γé¼ single-worker analysis ├óΓÇ?Γé¼├óΓÇ?Γé¼├óΓÇ?Γé¼├óΓÇ?Γé¼
├óΓÇ?Γé¼├óΓÇ?Γé¼├óΓÇ?Γé¼├óΓÇ?Γé¼├óΓÇ?Γé¼├óΓÇ?Γé¼├óΓÇ?Γé¼├óΓÇ?Γé¼├óΓÇ?Γé¼├óΓÇ?Γé
¼├óΓÇ?Γé¼├óΓÇ?Γé¼├óΓÇ?Γé¼├óΓÇ?Γé¼├óΓÇ?Γé¼├óΓÇ?Γé¼├óΓÇ?Γé¼├óΓÇ?Γé¼├óΓÇ?Γé¼├óΓÇ?Γ
é¼├óΓÇ?Γé¼├óΓÇ?Γé¼├óΓÇ?Γé¼├óΓÇ?Γé¼├óΓÇ?Γé¼├óΓÇ?Γé¼├óΓÇ?Γé¼├óΓÇ?Γé¼├óΓÇ?Γé¼├óΓÇ?
Γé¼├óΓÇ?Γé¼├óΓÇ?Γé¼├óΓÇ?Γé¼├óΓÇ?Γé¼├óΓÇ?Γé¼├óΓÇ?Γé¼├óΓÇ?Γé¼├óΓÇ?Γé¼├óΓÇ?Γé¼├óΓÇ
?Γé¼├óΓÇ?Γé¼├óΓÇ?Γé¼
                                                                               
                                                                               
                                                                               
                                                                              ^
C:\Users\aniru\OneDrive\Documents\My Portfolio\Projects\JavaProjects\ChessApp 
(took 2 months to 
make)\Scaccomatto_final\Scaccomatto\src\AnalysisGame.java:26: error: 
unmappable character (0x9D) for encoding windows-1252
    // ├óΓÇ?Γé¼├óΓÇ?Γé¼ single-worker analysis ├óΓÇ?Γé¼├óΓÇ?Γé¼├óΓÇ?Γé¼├óΓÇ?Γé¼
├óΓÇ?Γé¼├óΓÇ?Γé¼├óΓÇ?Γé¼├óΓÇ?Γé¼├óΓÇ?Γé¼├óΓÇ?Γé¼├óΓÇ?Γé¼├óΓÇ?Γé¼├óΓÇ?Γé¼├óΓÇ?Γé
¼├óΓÇ?Γé¼├óΓÇ?Γé¼├óΓÇ?Γé¼├óΓÇ?Γé¼├óΓÇ?Γé¼├óΓÇ?Γé¼├óΓÇ?Γé¼├óΓÇ?Γé¼├óΓÇ?Γé¼├óΓÇ?Γ
é¼├óΓÇ?Γé¼├óΓÇ?Γé¼├óΓÇ?Γé¼├óΓÇ?Γé¼├óΓÇ?Γé¼├óΓÇ?Γé¼├óΓÇ?Γé¼├óΓÇ?Γé¼├óΓÇ?Γé¼├óΓÇ?
Γé¼├óΓÇ?Γé¼├óΓÇ?Γé¼├óΓÇ?Γé¼├óΓÇ?Γé¼├óΓÇ?Γé¼├óΓÇ?Γé¼├óΓÇ?Γé¼├óΓÇ?Γé¼├óΓÇ?Γé¼├óΓÇ
?Γé¼├óΓÇ?Γé¼├óΓÇ?Γé¼
                                                                               
                                                                               
                                                                               
                                                                               
       ^
C:\Users\aniru\OneDrive\Documents\My Portfolio\Projects\JavaProjects\ChessApp 
(took 2 months to 
make)\Scaccomatto_final\Scaccomatto\src\AnalysisGame.java:26: error: 
unmappable character (0x9D) for encoding windows-1252
    // ├óΓÇ?Γé¼├óΓÇ?Γé¼ single-worker analysis ├óΓÇ?Γé¼├óΓÇ?Γé¼├óΓÇ?Γé¼├óΓÇ?Γé¼
├óΓÇ?Γé¼├óΓÇ?Γé¼├óΓÇ?Γé¼├óΓÇ?Γé¼├óΓÇ?Γé¼├óΓÇ?Γé¼├óΓÇ?Γé¼├óΓÇ?Γé¼├óΓÇ?Γé¼├óΓÇ?Γé
¼├óΓÇ?Γé¼├óΓÇ?Γé¼├óΓÇ?Γé¼├óΓÇ?Γé¼├óΓÇ?Γé¼├óΓÇ?Γé¼├óΓÇ?Γé¼├óΓÇ?Γé¼├óΓÇ?Γé¼├óΓÇ?Γ
é¼├óΓÇ?Γé¼├óΓÇ?Γé¼├óΓÇ?Γé¼├óΓÇ?Γé¼├óΓÇ?Γé¼├óΓÇ?Γé¼├óΓÇ?Γé¼├óΓÇ?Γé¼├óΓÇ?Γé¼├óΓÇ?
Γé¼├óΓÇ?Γé¼├óΓÇ?Γé¼├óΓÇ?Γé¼├óΓÇ?Γé¼├óΓÇ?Γé¼├óΓÇ?Γé¼├óΓÇ?Γé¼├óΓÇ?Γé¼├óΓÇ?Γé¼├óΓÇ
?Γé¼├óΓÇ?Γé¼├óΓÇ?Γé¼
                                                                               
                                                                               
                                                                               
                                                                               
               ^
C:\Users\aniru\OneDrive\Documents\My Portfolio\Projects\JavaProjects\ChessApp 
(took 2 months to 
make)\Scaccomatto_final\Scaccomatto\src\AnalysisGame.java:26: error: 
unmappable character (0x9D) for encoding windows-1252
    // ├óΓÇ?Γé¼├óΓÇ?Γé¼ single-worker analysis ├óΓÇ?Γé¼├óΓÇ?Γé¼├óΓÇ?Γé¼├óΓÇ?Γé¼
├óΓÇ?Γé¼├óΓÇ?Γé¼├óΓÇ?Γé¼├óΓÇ?Γé¼├óΓÇ?Γé¼├óΓÇ?Γé¼├óΓÇ?Γé¼├óΓÇ?Γé¼├óΓÇ?Γé¼├óΓÇ?Γé
¼├óΓÇ?Γé¼├óΓÇ?Γé¼├óΓÇ?Γé¼├óΓÇ?Γé¼├óΓÇ?Γé¼├óΓÇ?Γé¼├óΓÇ?Γé¼├óΓÇ?Γé¼├óΓÇ?Γé¼├óΓÇ?Γ
é¼├óΓÇ?Γé¼├óΓÇ?Γé¼├óΓÇ?Γé¼├óΓÇ?Γé¼├óΓÇ?Γé¼├óΓÇ?Γé¼├óΓÇ?Γé¼├óΓÇ?Γé¼├óΓÇ?Γé¼├óΓÇ?
Γé¼├óΓÇ?Γé¼├óΓÇ?Γé¼├óΓÇ?Γé¼├óΓÇ?Γé¼├óΓÇ?Γé¼├óΓÇ?Γé¼├óΓÇ?Γé¼├óΓÇ?Γé¼├óΓÇ?Γé¼├óΓÇ
?Γé¼├óΓÇ?Γé¼├óΓÇ?Γé¼
                                                                               
                                                                               
                                                                               
                                                                               
                       ^
C:\Users\aniru\OneDrive\Documents\My Portfolio\Projects\JavaProjects\ChessApp 
(took 2 months to 
make)\Scaccomatto_final\Scaccomatto\src\AnalysisGame.java:26: error: 
unmappable character (0x9D) for encoding windows-1252
    // ├óΓÇ?Γé¼├óΓÇ?Γé¼ single-worker analysis ├óΓÇ?Γé¼├óΓÇ?Γé¼├óΓÇ?Γé¼├óΓÇ?Γé¼
├óΓÇ?Γé¼├óΓÇ?Γé¼├óΓÇ?Γé¼├óΓÇ?Γé¼├óΓÇ?Γé¼├óΓÇ?Γé¼├óΓÇ?Γé¼├óΓÇ?Γé¼├óΓÇ?Γé¼├óΓÇ?Γé
¼├óΓÇ?Γé¼├óΓÇ?Γé¼├óΓÇ?Γé¼├óΓÇ?Γé¼├óΓÇ?Γé¼├óΓÇ?Γé¼├óΓÇ?Γé¼├óΓÇ?Γé¼├óΓÇ?Γé¼├óΓÇ?Γ
é¼├óΓÇ?Γé¼├óΓÇ?Γé¼├óΓÇ?Γé¼├óΓÇ?Γé¼├óΓÇ?Γé¼├óΓÇ?Γé¼├óΓÇ?Γé¼├óΓÇ?Γé¼├óΓÇ?Γé¼├óΓÇ?
Γé¼├óΓÇ?Γé¼├óΓÇ?Γé¼├óΓÇ?Γé¼├óΓÇ?Γé¼├óΓÇ?Γé¼├óΓÇ?Γé¼├óΓÇ?Γé¼├óΓÇ?Γé¼├óΓÇ?Γé¼├óΓÇ
?Γé¼├óΓÇ?Γé¼├óΓÇ?Γé¼
                                                                               
                                                                               
                                                                               
                                                                               
                               ^
C:\Users\aniru\OneDrive\Documents\My Portfolio\Projects\JavaProjects\ChessApp 
(took 2 months to 
make)\Scaccomatto_final\Scaccomatto\src\AnalysisGame.java:26: error: 
unmappable character (0x9D) for encoding windows-1252
    // ├óΓÇ?Γé¼├óΓÇ?Γé¼ single-worker analysis ├óΓÇ?Γé¼├óΓÇ?Γé¼├óΓÇ?Γé¼├óΓÇ?Γé¼
├óΓÇ?Γé¼├óΓÇ?Γé¼├óΓÇ?Γé¼├óΓÇ?Γé¼├óΓÇ?Γé¼├óΓÇ?Γé¼├óΓÇ?Γé¼├óΓÇ?Γé¼├óΓÇ?Γé¼├óΓÇ?Γé
¼├óΓÇ?Γé¼├óΓÇ?Γé¼├óΓÇ?Γé¼├óΓÇ?Γé¼├óΓÇ?Γé¼├óΓÇ?Γé¼├óΓÇ?Γé¼├óΓÇ?Γé¼├óΓÇ?Γé¼├óΓÇ?Γ
é¼├óΓÇ?Γé¼├óΓÇ?Γé¼├óΓÇ?Γé¼├óΓÇ?Γé¼├óΓÇ?Γé¼├óΓÇ?Γé¼├óΓÇ?Γé¼├óΓÇ?Γé¼├óΓÇ?Γé¼├óΓÇ?
Γé¼├óΓÇ?Γé¼├óΓÇ?Γé¼├óΓÇ?Γé¼├óΓÇ?Γé¼├óΓÇ?Γé¼├óΓÇ?Γé¼├óΓÇ?Γé¼├óΓÇ?Γé¼├óΓÇ?Γé¼├óΓÇ
?Γé¼├óΓÇ?Γé¼├óΓÇ?Γé¼
                                                                               
                                                                               
                                                                               
                                                                               
                                       ^
C:\Users\aniru\OneDrive\Documents\My Portfolio\Projects\JavaProjects\ChessApp 
(took 2 months to 
make)\Scaccomatto_final\Scaccomatto\src\AnalysisGame.java:26: error: 
unmappable character (0x9D) for encoding windows-1252
    // ├óΓÇ?Γé¼├óΓÇ?Γé¼ single-worker analysis ├óΓÇ?Γé¼├óΓÇ?Γé¼├óΓÇ?Γé¼├óΓÇ?Γé¼
├óΓÇ?Γé¼├óΓÇ?Γé¼├óΓÇ?Γé¼├óΓÇ?Γé¼├óΓÇ?Γé¼├óΓÇ?Γé¼├óΓÇ?Γé¼├óΓÇ?Γé¼├óΓÇ?Γé¼├óΓÇ?Γé
¼├óΓÇ?Γé¼├óΓÇ?Γé¼├óΓÇ?Γé¼├óΓÇ?Γé¼├óΓÇ?Γé¼├óΓÇ?Γé¼├óΓÇ?Γé¼├óΓÇ?Γé¼├óΓÇ?Γé¼├óΓÇ?Γ
é¼├óΓÇ?Γé¼├óΓÇ?Γé¼├óΓÇ?Γé¼├óΓÇ?Γé¼├óΓÇ?Γé¼├óΓÇ?Γé¼├óΓÇ?Γé¼├óΓÇ?Γé¼├óΓÇ?Γé¼├óΓÇ?
Γé¼├óΓÇ?Γé¼├óΓÇ?Γé¼├óΓÇ?Γé¼├óΓÇ?Γé¼├óΓÇ?Γé¼├óΓÇ?Γé¼├óΓÇ?Γé¼├óΓÇ?Γé¼├óΓÇ?Γé¼├óΓÇ
?Γé¼├óΓÇ?Γé¼├óΓÇ?Γé¼
                                                                               
                                                                               
                                                                               
                                                                               
                                               ^
C:\Users\aniru\OneDrive\Documents\My Portfolio\Projects\JavaProjects\ChessApp 
(took 2 months to 
make)\Scaccomatto_final\Scaccomatto\src\AnalysisGame.java:26: error: 
unmappable character (0x9D) for encoding windows-1252
    // ├óΓÇ?Γé¼├óΓÇ?Γé¼ single-worker analysis ├óΓÇ?Γé¼├óΓÇ?Γé¼├óΓÇ?Γé¼├óΓÇ?Γé¼
├óΓÇ?Γé¼├óΓÇ?Γé¼├óΓÇ?Γé¼├óΓÇ?Γé¼├óΓÇ?Γé¼├óΓÇ?Γé¼├óΓÇ?Γé¼├óΓÇ?Γé¼├óΓÇ?Γé¼├óΓÇ?Γé
¼├óΓÇ?Γé¼├óΓÇ?Γé¼├óΓÇ?Γé¼├óΓÇ?Γé¼├óΓÇ?Γé¼├óΓÇ?Γé¼├óΓÇ?Γé¼├óΓÇ?Γé¼├óΓÇ?Γé¼├óΓÇ?Γ
é¼├óΓÇ?Γé¼├óΓÇ?Γé¼├óΓÇ?Γé¼├óΓÇ?Γé¼├óΓÇ?Γé¼├óΓÇ?Γé¼├óΓÇ?Γé¼├óΓÇ?Γé¼├óΓÇ?Γé¼├óΓÇ?
Γé¼├óΓÇ?Γé¼├óΓÇ?Γé¼├óΓÇ?Γé¼├óΓÇ?Γé¼├óΓÇ?Γé¼├óΓÇ?Γé¼├óΓÇ?Γé¼├óΓÇ?Γé¼├óΓÇ?Γé¼├óΓÇ
?Γé¼├óΓÇ?Γé¼├óΓÇ?Γé¼
                                                                               
                                                                               
                                                                               
                                                                               
                                                       ^
C:\Users\aniru\OneDrive\Documents\My Portfolio\Projects\JavaProjects\ChessApp 
(took 2 months to 
make)\Scaccomatto_final\Scaccomatto\src\AnalysisGame.java:26: error: 
unmappable character (0x9D) for encoding windows-1252
    // ├óΓÇ?Γé¼├óΓÇ?Γé¼ single-worker analysis ├óΓÇ?Γé¼├óΓÇ?Γé¼├óΓÇ?Γé¼├óΓÇ?Γé¼
├óΓÇ?Γé¼├óΓÇ?Γé¼├óΓÇ?Γé¼├óΓÇ?Γé¼├óΓÇ?Γé¼├óΓÇ?Γé¼├óΓÇ?Γé¼├óΓÇ?Γé¼├óΓÇ?Γé¼├óΓÇ?Γé
¼├óΓÇ?Γé¼├óΓÇ?Γé¼├óΓÇ?Γé¼├óΓÇ?Γé¼├óΓÇ?Γé¼├óΓÇ?Γé¼├óΓÇ?Γé¼├óΓÇ?Γé¼├óΓÇ?Γé¼├óΓÇ?Γ
é¼├óΓÇ?Γé¼├óΓÇ?Γé¼├óΓÇ?Γé¼├óΓÇ?Γé¼├óΓÇ?Γé¼├óΓÇ?Γé¼├óΓÇ?Γé¼├óΓÇ?Γé¼├óΓÇ?Γé¼├óΓÇ?
Γé¼├óΓÇ?Γé¼├óΓÇ?Γé¼├óΓÇ?Γé¼├óΓÇ?Γé¼├óΓÇ?Γé¼├óΓÇ?Γé¼├óΓÇ?Γé¼├óΓÇ?Γé¼├óΓÇ?Γé¼├óΓÇ
?Γé¼├óΓÇ?Γé¼├óΓÇ?Γé¼
                                                                               
                                                                               
                                                                               
                                                                               
                                                               ^
C:\Users\aniru\OneDrive\Documents\My Portfolio\Projects\JavaProjects\ChessApp 
(took 2 months to 
make)\Scaccomatto_final\Scaccomatto\src\AnalysisGame.java:26: error: 
unmappable character (0x9D) for encoding windows-1252
    // ├óΓÇ?Γé¼├óΓÇ?Γé¼ single-worker analysis ├óΓÇ?Γé¼├óΓÇ?Γé¼├óΓÇ?Γé¼├óΓÇ?Γé¼
├óΓÇ?Γé¼├óΓÇ?Γé¼├óΓÇ?Γé¼├óΓÇ?Γé¼├óΓÇ?Γé¼├óΓÇ?Γé¼├óΓÇ?Γé¼├óΓÇ?Γé¼├óΓÇ?Γé¼├óΓÇ?Γé
¼├óΓÇ?Γé¼├óΓÇ?Γé¼├óΓÇ?Γé¼├óΓÇ?Γé¼├óΓÇ?Γé¼├óΓÇ?Γé¼├óΓÇ?Γé¼├óΓÇ?Γé¼├óΓÇ?Γé¼├óΓÇ?Γ
é¼├óΓÇ?Γé¼├óΓÇ?Γé¼├óΓÇ?Γé¼├óΓÇ?Γé¼├óΓÇ?Γé¼├óΓÇ?Γé¼├óΓÇ?Γé¼├óΓÇ?Γé¼├óΓÇ?Γé¼├óΓÇ?
Γé¼├óΓÇ?Γé¼├óΓÇ?Γé¼├óΓÇ?Γé¼├óΓÇ?Γé¼├óΓÇ?Γé¼├óΓÇ?Γé¼├óΓÇ?Γé¼├óΓÇ?Γé¼├óΓÇ?Γé¼├óΓÇ
?Γé¼├óΓÇ?Γé¼├óΓÇ?Γé¼
                                                                               
                                                                               
                                                                               
                                                                               
                                                                       ^
C:\Users\aniru\OneDrive\Documents\My Portfolio\Projects\JavaProjects\ChessApp 
(took 2 months to 
make)\Scaccomatto_final\Scaccomatto\src\AnalysisGame.java:26: error: 
unmappable character (0x9D) for encoding windows-1252
    // ├óΓÇ?Γé¼├óΓÇ?Γé¼ single-worker analysis ├óΓÇ?Γé¼├óΓÇ?Γé¼├óΓÇ?Γé¼├óΓÇ?Γé¼
├óΓÇ?Γé¼├óΓÇ?Γé¼├óΓÇ?Γé¼├óΓÇ?Γé¼├óΓÇ?Γé¼├óΓÇ?Γé¼├óΓÇ?Γé¼├óΓÇ?Γé¼├óΓÇ?Γé¼├óΓÇ?Γé
¼├óΓÇ?Γé¼├óΓÇ?Γé¼├óΓÇ?Γé¼├óΓÇ?Γé¼├óΓÇ?Γé¼├óΓÇ?Γé¼├óΓÇ?Γé¼├óΓÇ?Γé¼├óΓÇ?Γé¼├óΓÇ?Γ
é¼├óΓÇ?Γé¼├óΓÇ?Γé¼├óΓÇ?Γé¼├óΓÇ?Γé¼├óΓÇ?Γé¼├óΓÇ?Γé¼├óΓÇ?Γé¼├óΓÇ?Γé¼├óΓÇ?Γé¼├óΓÇ?
Γé¼├óΓÇ?Γé¼├óΓÇ?Γé¼├óΓÇ?Γé¼├óΓÇ?Γé¼├óΓÇ?Γé¼├óΓÇ?Γé¼├óΓÇ?Γé¼├óΓÇ?Γé¼├óΓÇ?Γé¼├óΓÇ
?Γé¼├óΓÇ?Γé¼├óΓÇ?Γé¼
                                                                               
                                                                               
                                                                               
                                                                               
                                                                               
^
C:\Users\aniru\OneDrive\Documents\My Portfolio\Projects\JavaProjects\ChessApp 
(took 2 months to 
make)\Scaccomatto_final\Scaccomatto\src\AnalysisGame.java:26: error: 
unmappable character (0x9D) for encoding windows-1252
    // ├óΓÇ?Γé¼├óΓÇ?Γé¼ single-worker analysis ├óΓÇ?Γé¼├óΓÇ?Γé¼├óΓÇ?Γé¼├óΓÇ?Γé¼
├óΓÇ?Γé¼├óΓÇ?Γé¼├óΓÇ?Γé¼├óΓÇ?Γé¼├óΓÇ?Γé¼├óΓÇ?Γé¼├óΓÇ?Γé¼├óΓÇ?Γé¼├óΓÇ?Γé¼├óΓÇ?Γé
¼├óΓÇ?Γé¼├óΓÇ?Γé¼├óΓÇ?Γé¼├óΓÇ?Γé¼├óΓÇ?Γé¼├óΓÇ?Γé¼├óΓÇ?Γé¼├óΓÇ?Γé¼├óΓÇ?Γé¼├óΓÇ?Γ
é¼├óΓÇ?Γé¼├óΓÇ?Γé¼├óΓÇ?Γé¼├óΓÇ?Γé¼├óΓÇ?Γé¼├óΓÇ?Γé¼├óΓÇ?Γé¼├óΓÇ?Γé¼├óΓÇ?Γé¼├óΓÇ?
Γé¼├óΓÇ?Γé¼├óΓÇ?Γé¼├óΓÇ?Γé¼├óΓÇ?Γé¼├óΓÇ?Γé¼├óΓÇ?Γé¼├óΓÇ?Γé¼├óΓÇ?Γé¼├óΓÇ?Γé¼├óΓÇ
?Γé¼├óΓÇ?Γé¼├óΓÇ?Γé¼
                                                                               
                                                                               
                                                                               
                                                                               
                                                                               
        ^
C:\Users\aniru\OneDrive\Documents\My Portfolio\Projects\JavaProjects\ChessApp 
(took 2 months to 
make)\Scaccomatto_final\Scaccomatto\src\AnalysisGame.java:26: error: 
unmappable character (0x9D) for encoding windows-1252
    // ├óΓÇ?Γé¼├óΓÇ?Γé¼ single-worker analysis ├óΓÇ?Γé¼├óΓÇ?Γé¼├óΓÇ?Γé¼├óΓÇ?Γé¼
├óΓÇ?Γé¼├óΓÇ?Γé¼├óΓÇ?Γé¼├óΓÇ?Γé¼├óΓÇ?Γé¼├óΓÇ?Γé¼├óΓÇ?Γé¼├óΓÇ?Γé¼├óΓÇ?Γé¼├óΓÇ?Γé
¼├óΓÇ?Γé¼├óΓÇ?Γé¼├óΓÇ?Γé¼├óΓÇ?Γé¼├óΓÇ?Γé¼├óΓÇ?Γé¼├óΓÇ?Γé¼├óΓÇ?Γé¼├óΓÇ?Γé¼├óΓÇ?Γ
é¼├óΓÇ?Γé¼├óΓÇ?Γé¼├óΓÇ?Γé¼├óΓÇ?Γé¼├óΓÇ?Γé¼├óΓÇ?Γé¼├óΓÇ?Γé¼├óΓÇ?Γé¼├óΓÇ?Γé¼├óΓÇ?
Γé¼├óΓÇ?Γé¼├óΓÇ?Γé¼├óΓÇ?Γé¼├óΓÇ?Γé¼├óΓÇ?Γé¼├óΓÇ?Γé¼├óΓÇ?Γé¼├óΓÇ?Γé¼├óΓÇ?Γé¼├óΓÇ
?Γé¼├óΓÇ?Γé¼├óΓÇ?Γé¼
                                                                               
                                                                               
                                                                               
                                                                               
                                                                               
                ^
C:\Users\aniru\OneDrive\Documents\My Portfolio\Projects\JavaProjects\ChessApp 
(took 2 months to 
make)\Scaccomatto_final\Scaccomatto\src\AnalysisGame.java:46: error: 
unmappable character (0x9D) for encoding windows-1252
        // ├óΓÇ?Γé¼├óΓÇ?Γé¼ start Stockfish ├óΓÇ?Γé¼├óΓÇ?Γé¼├óΓÇ?Γé¼├óΓÇ?Γé¼├óΓ
Ç?Γé¼├óΓÇ?Γé¼├óΓÇ?Γé¼├óΓÇ?Γé¼├óΓÇ?Γé¼├óΓÇ?Γé¼├óΓÇ?Γé¼├óΓÇ?Γé¼├óΓÇ?Γé¼├óΓÇ?Γé¼├ó
ΓÇ?Γé¼├óΓÇ?Γé¼├óΓÇ?Γé¼├óΓÇ?Γé¼├óΓÇ?Γé¼├óΓÇ?Γé¼├óΓÇ?Γé¼├óΓÇ?Γé¼├óΓÇ?Γé¼├óΓÇ?Γé¼├
óΓÇ?Γé¼├óΓÇ?Γé¼├óΓÇ?Γé¼├óΓÇ?Γé¼├óΓÇ?Γé¼├óΓÇ?Γé¼├óΓÇ?Γé¼├óΓÇ?Γé¼├óΓÇ?Γé¼├óΓÇ?Γé¼
├óΓÇ?Γé¼├óΓÇ?Γé¼├óΓÇ?Γé¼├óΓÇ?Γé¼├óΓÇ?Γé¼├óΓÇ?Γé¼├óΓÇ?Γé¼├óΓÇ?Γé¼├óΓÇ?Γé¼├óΓÇ?Γé
¼├óΓÇ?Γé¼├óΓÇ?Γé¼├óΓÇ?Γé¼├óΓÇ?Γé¼├óΓÇ?Γé¼
               ^
C:\Users\aniru\OneDrive\Documents\My Portfolio\Projects\JavaProjects\ChessApp 
(took 2 months to 
make)\Scaccomatto_final\Scaccomatto\src\AnalysisGame.java:46: error: 
unmappable character (0x9D) for encoding windows-1252
        // ├óΓÇ?Γé¼├óΓÇ?Γé¼ start Stockfish ├óΓÇ?Γé¼├óΓÇ?Γé¼├óΓÇ?Γé¼├óΓÇ?Γé¼├óΓ
Ç?Γé¼├óΓÇ?Γé¼├óΓÇ?Γé¼├óΓÇ?Γé¼├óΓÇ?Γé¼├óΓÇ?Γé¼├óΓÇ?Γé¼├óΓÇ?Γé¼├óΓÇ?Γé¼├óΓÇ?Γé¼├ó
ΓÇ?Γé¼├óΓÇ?Γé¼├óΓÇ?Γé¼├óΓÇ?Γé¼├óΓÇ?Γé¼├óΓÇ?Γé¼├óΓÇ?Γé¼├óΓÇ?Γé¼├óΓÇ?Γé¼├óΓÇ?Γé¼├
óΓÇ?Γé¼├óΓÇ?Γé¼├óΓÇ?Γé¼├óΓÇ?Γé¼├óΓÇ?Γé¼├óΓÇ?Γé¼├óΓÇ?Γé¼├óΓÇ?Γé¼├óΓÇ?Γé¼├óΓÇ?Γé¼
├óΓÇ?Γé¼├óΓÇ?Γé¼├óΓÇ?Γé¼├óΓÇ?Γé¼├óΓÇ?Γé¼├óΓÇ?Γé¼├óΓÇ?Γé¼├óΓÇ?Γé¼├óΓÇ?Γé¼├óΓÇ?Γé
¼├óΓÇ?Γé¼├óΓÇ?Γé¼├óΓÇ?Γé¼├óΓÇ?Γé¼├óΓÇ?Γé¼
                       ^
C:\Users\aniru\OneDrive\Documents\My Portfolio\Projects\JavaProjects\ChessApp 
(took 2 months to 
make)\Scaccomatto_final\Scaccomatto\src\AnalysisGame.java:46: error: 
unmappable character (0x9D) for encoding windows-1252
        // ├óΓÇ?Γé¼├óΓÇ?Γé¼ start Stockfish ├óΓÇ?Γé¼├óΓÇ?Γé¼├óΓÇ?Γé¼├óΓÇ?Γé¼├óΓ
Ç?Γé¼├óΓÇ?Γé¼├óΓÇ?Γé¼├óΓÇ?Γé¼├óΓÇ?Γé¼├óΓÇ?Γé¼├óΓÇ?Γé¼├óΓÇ?Γé¼├óΓÇ?Γé¼├óΓÇ?Γé¼├ó
ΓÇ?Γé¼├óΓÇ?Γé¼├óΓÇ?Γé¼├óΓÇ?Γé¼├óΓÇ?Γé¼├óΓÇ?Γé¼├óΓÇ?Γé¼├óΓÇ?Γé¼├óΓÇ?Γé¼├óΓÇ?Γé¼├
óΓÇ?Γé¼├óΓÇ?Γé¼├óΓÇ?Γé¼├óΓÇ?Γé¼├óΓÇ?Γé¼├óΓÇ?Γé¼├óΓÇ?Γé¼├óΓÇ?Γé¼├óΓÇ?Γé¼├óΓÇ?Γé¼
├óΓÇ?Γé¼├óΓÇ?Γé¼├óΓÇ?Γé¼├óΓÇ?Γé¼├óΓÇ?Γé¼├óΓÇ?Γé¼├óΓÇ?Γé¼├óΓÇ?Γé¼├óΓÇ?Γé¼├óΓÇ?Γé
¼├óΓÇ?Γé¼├óΓÇ?Γé¼├óΓÇ?Γé¼├óΓÇ?Γé¼├óΓÇ?Γé¼
                                                ^
C:\Users\aniru\OneDrive\Documents\My Portfolio\Projects\JavaProjects\ChessApp 
(took 2 months to 
make)\Scaccomatto_final\Scaccomatto\src\AnalysisGame.java:46: error: 
unmappable character (0x9D) for encoding windows-1252
        // ├óΓÇ?Γé¼├óΓÇ?Γé¼ start Stockfish ├óΓÇ?Γé¼├óΓÇ?Γé¼├óΓÇ?Γé¼├óΓÇ?Γé¼├óΓ
Ç?Γé¼├óΓÇ?Γé¼├óΓÇ?Γé¼├óΓÇ?Γé¼├óΓÇ?Γé¼├óΓÇ?Γé¼├óΓÇ?Γé¼├óΓÇ?Γé¼├óΓÇ?Γé¼├óΓÇ?Γé¼├ó
ΓÇ?Γé¼├óΓÇ?Γé¼├óΓÇ?Γé¼├óΓÇ?Γé¼├óΓÇ?Γé¼├óΓÇ?Γé¼├óΓÇ?Γé¼├óΓÇ?Γé¼├óΓÇ?Γé¼├óΓÇ?Γé¼├
óΓÇ?Γé¼├óΓÇ?Γé¼├óΓÇ?Γé¼├óΓÇ?Γé¼├óΓÇ?Γé¼├óΓÇ?Γé¼├óΓÇ?Γé¼├óΓÇ?Γé¼├óΓÇ?Γé¼├óΓÇ?Γé¼
├óΓÇ?Γé¼├óΓÇ?Γé¼├óΓÇ?Γé¼├óΓÇ?Γé¼├óΓÇ?Γé¼├óΓÇ?Γé¼├óΓÇ?Γé¼├óΓÇ?Γé¼├óΓÇ?Γé¼├óΓÇ?Γé
¼├óΓÇ?Γé¼├óΓÇ?Γé¼├óΓÇ?Γé¼├óΓÇ?Γé¼├óΓÇ?Γé¼
                                                        ^
C:\Users\aniru\OneDrive\Documents\My Portfolio\Projects\JavaProjects\ChessApp 
(took 2 months to 
make)\Scaccomatto_final\Scaccomatto\src\AnalysisGame.java:46: error: 
unmappable character (0x9D) for encoding windows-1252
        // ├óΓÇ?Γé¼├óΓÇ?Γé¼ start Stockfish ├óΓÇ?Γé¼├óΓÇ?Γé¼├óΓÇ?Γé¼├óΓÇ?Γé¼├óΓ
Ç?Γé¼├óΓÇ?Γé¼├óΓÇ?Γé¼├óΓÇ?Γé¼├óΓÇ?Γé¼├óΓÇ?Γé¼├óΓÇ?Γé¼├óΓÇ?Γé¼├óΓÇ?Γé¼├óΓÇ?Γé¼├ó
ΓÇ?Γé¼├óΓÇ?Γé¼├óΓÇ?Γé¼├óΓÇ?Γé¼├óΓÇ?Γé¼├óΓÇ?Γé¼├óΓÇ?Γé¼├óΓÇ?Γé¼├óΓÇ?Γé¼├óΓÇ?Γé¼├
óΓÇ?Γé¼├óΓÇ?Γé¼├óΓÇ?Γé¼├óΓÇ?Γé¼├óΓÇ?Γé¼├óΓÇ?Γé¼├óΓÇ?Γé¼├óΓÇ?Γé¼├óΓÇ?Γé¼├óΓÇ?Γé¼
├óΓÇ?Γé¼├óΓÇ?Γé¼├óΓÇ?Γé¼├óΓÇ?Γé¼├óΓÇ?Γé¼├óΓÇ?Γé¼├óΓÇ?Γé¼├óΓÇ?Γé¼├óΓÇ?Γé¼├óΓÇ?Γé
¼├óΓÇ?Γé¼├óΓÇ?Γé¼├óΓÇ?Γé¼├óΓÇ?Γé¼├óΓÇ?Γé¼
                                                                ^
C:\Users\aniru\OneDrive\Documents\My Portfolio\Projects\JavaProjects\ChessApp 
(took 2 months to 
make)\Scaccomatto_final\Scaccomatto\src\AnalysisGame.java:46: error: 
unmappable character (0x9D) for encoding windows-1252
        // ├óΓÇ?Γé¼├óΓÇ?Γé¼ start Stockfish ├óΓÇ?Γé¼├óΓÇ?Γé¼├óΓÇ?Γé¼├óΓÇ?Γé¼├óΓ
Ç?Γé¼├óΓÇ?Γé¼├óΓÇ?Γé¼├óΓÇ?Γé¼├óΓÇ?Γé¼├óΓÇ?Γé¼├óΓÇ?Γé¼├óΓÇ?Γé¼├óΓÇ?Γé¼├óΓÇ?Γé¼├ó
ΓÇ?Γé¼├óΓÇ?Γé¼├óΓÇ?Γé¼├óΓÇ?Γé¼├óΓÇ?Γé¼├óΓÇ?Γé¼├óΓÇ?Γé¼├óΓÇ?Γé¼├óΓÇ?Γé¼├óΓÇ?Γé¼├
óΓÇ?Γé¼├óΓÇ?Γé¼├óΓÇ?Γé¼├óΓÇ?Γé¼├óΓÇ?Γé¼├óΓÇ?Γé¼├óΓÇ?Γé¼├óΓÇ?Γé¼├óΓÇ?Γé¼├óΓÇ?Γé¼
├óΓÇ?Γé¼├óΓÇ?Γé¼├óΓÇ?Γé¼├óΓÇ?Γé¼├óΓÇ?Γé¼├óΓÇ?Γé¼├óΓÇ?Γé¼├óΓÇ?Γé¼├óΓÇ?Γé¼├óΓÇ?Γé
¼├óΓÇ?Γé¼├óΓÇ?Γé¼├óΓÇ?Γé¼├óΓÇ?Γé¼├óΓÇ?Γé¼
                                                                        ^
C:\Users\aniru\OneDrive\Documents\My Portfolio\Projects\JavaProjects\ChessApp 
(took 2 months to 
make)\Scaccomatto_final\Scaccomatto\src\AnalysisGame.java:46: error: 
unmappable character (0x9D) for encoding windows-1252
        // ├óΓÇ?Γé¼├óΓÇ?Γé¼ start Stockfish ├óΓÇ?Γé¼├óΓÇ?Γé¼├óΓÇ?Γé¼├óΓÇ?Γé¼├óΓ
Ç?Γé¼├óΓÇ?Γé¼├óΓÇ?Γé¼├óΓÇ?Γé¼├óΓÇ?Γé¼├óΓÇ?Γé¼├óΓÇ?Γé¼├óΓÇ?Γé¼├óΓÇ?Γé¼├óΓÇ?Γé¼├ó
ΓÇ?Γé¼├óΓÇ?Γé¼├óΓÇ?Γé¼├óΓÇ?Γé¼├óΓÇ?Γé¼├óΓÇ?Γé¼├óΓÇ?Γé¼├óΓÇ?Γé¼├óΓÇ?Γé¼├óΓÇ?Γé¼├
óΓÇ?Γé¼├óΓÇ?Γé¼├óΓÇ?Γé¼├óΓÇ?Γé¼├óΓÇ?Γé¼├óΓÇ?Γé¼├óΓÇ?Γé¼├óΓÇ?Γé¼├óΓÇ?Γé¼├óΓÇ?Γé¼
├óΓÇ?Γé¼├óΓÇ?Γé¼├óΓÇ?Γé¼├óΓÇ?Γé¼├óΓÇ?Γé¼├óΓÇ?Γé¼├óΓÇ?Γé¼├óΓÇ?Γé¼├óΓÇ?Γé¼├óΓÇ?Γé
¼├óΓÇ?Γé¼├óΓÇ?Γé¼├óΓÇ?Γé¼├óΓÇ?Γé¼├óΓÇ?Γé¼
                                                                               
 ^
C:\Users\aniru\OneDrive\Documents\My Portfolio\Projects\JavaProjects\ChessApp 
(took 2 months to 
make)\Scaccomatto_final\Scaccomatto\src\AnalysisGame.java:46: error: 
unmappable character (0x9D) for encoding windows-1252
        // ├óΓÇ?Γé¼├óΓÇ?Γé¼ start Stockfish ├óΓÇ?Γé¼├óΓÇ?Γé¼├óΓÇ?Γé¼├óΓÇ?Γé¼├óΓ
Ç?Γé¼├óΓÇ?Γé¼├óΓÇ?Γé¼├óΓÇ?Γé¼├óΓÇ?Γé¼├óΓÇ?Γé¼├óΓÇ?Γé¼├óΓÇ?Γé¼├óΓÇ?Γé¼├óΓÇ?Γé¼├ó
ΓÇ?Γé¼├óΓÇ?Γé¼├óΓÇ?Γé¼├óΓÇ?Γé¼├óΓÇ?Γé¼├óΓÇ?Γé¼├óΓÇ?Γé¼├óΓÇ?Γé¼├óΓÇ?Γé¼├óΓÇ?Γé¼├
óΓÇ?Γé¼├óΓÇ?Γé¼├óΓÇ?Γé¼├óΓÇ?Γé¼├óΓÇ?Γé¼├óΓÇ?Γé¼├óΓÇ?Γé¼├óΓÇ?Γé¼├óΓÇ?Γé¼├óΓÇ?Γé¼
├óΓÇ?Γé¼├óΓÇ?Γé¼├óΓÇ?Γé¼├óΓÇ?Γé¼├óΓÇ?Γé¼├óΓÇ?Γé¼├óΓÇ?Γé¼├óΓÇ?Γé¼├óΓÇ?Γé¼├óΓÇ?Γé
¼├óΓÇ?Γé¼├óΓÇ?Γé¼├óΓÇ?Γé¼├óΓÇ?Γé¼├óΓÇ?Γé¼
                                                                               
         ^
C:\Users\aniru\OneDrive\Documents\My Portfolio\Projects\JavaProjects\ChessApp 
(took 2 months to 
make)\Scaccomatto_final\Scaccomatto\src\AnalysisGame.java:46: error: 
unmappable character (0x9D) for encoding windows-1252
        // ├óΓÇ?Γé¼├óΓÇ?Γé¼ start Stockfish ├óΓÇ?Γé¼├óΓÇ?Γé¼├óΓÇ?Γé¼├óΓÇ?Γé¼├óΓ
Ç?Γé¼├óΓÇ?Γé¼├óΓÇ?Γé¼├óΓÇ?Γé¼├óΓÇ?Γé¼├óΓÇ?Γé¼├óΓÇ?Γé¼├óΓÇ?Γé¼├óΓÇ?Γé¼├óΓÇ?Γé¼├ó
ΓÇ?Γé¼├óΓÇ?Γé¼├óΓÇ?Γé¼├óΓÇ?Γé¼├óΓÇ?Γé¼├óΓÇ?Γé¼├óΓÇ?Γé¼├óΓÇ?Γé¼├óΓÇ?Γé¼├óΓÇ?Γé¼├
óΓÇ?Γé¼├óΓÇ?Γé¼├óΓÇ?Γé¼├óΓÇ?Γé¼├óΓÇ?Γé¼├óΓÇ?Γé¼├óΓÇ?Γé¼├óΓÇ?Γé¼├óΓÇ?Γé¼├óΓÇ?Γé¼
├óΓÇ?Γé¼├óΓÇ?Γé¼├óΓÇ?Γé¼├óΓÇ?Γé¼├óΓÇ?Γé¼├óΓÇ?Γé¼├óΓÇ?Γé¼├óΓÇ?Γé¼├óΓÇ?Γé¼├óΓÇ?Γé
¼├óΓÇ?Γé¼├óΓÇ?Γé¼├óΓÇ?Γé¼├óΓÇ?Γé¼├óΓÇ?Γé¼
                                                                               
                 ^
C:\Users\aniru\OneDrive\Documents\My Portfolio\Projects\JavaProjects\ChessApp 
(took 2 months to 
make)\Scaccomatto_final\Scaccomatto\src\AnalysisGame.java:46: error: 
unmappable character (0x9D) for encoding windows-1252
        // ├óΓÇ?Γé¼├óΓÇ?Γé¼ start Stockfish ├óΓÇ?Γé¼├óΓÇ?Γé¼├óΓÇ?Γé¼├óΓÇ?Γé¼├óΓ
Ç?Γé¼├óΓÇ?Γé¼├óΓÇ?Γé¼├óΓÇ?Γé¼├óΓÇ?Γé¼├óΓÇ?Γé¼├óΓÇ?Γé¼├óΓÇ?Γé¼├óΓÇ?Γé¼├óΓÇ?Γé¼├ó
ΓÇ?Γé¼├óΓÇ?Γé¼├óΓÇ?Γé¼├óΓÇ?Γé¼├óΓÇ?Γé¼├óΓÇ?Γé¼├óΓÇ?Γé¼├óΓÇ?Γé¼├óΓÇ?Γé¼├óΓÇ?Γé¼├
óΓÇ?Γé¼├óΓÇ?Γé¼├óΓÇ?Γé¼├óΓÇ?Γé¼├óΓÇ?Γé¼├óΓÇ?Γé¼├óΓÇ?Γé¼├óΓÇ?Γé¼├óΓÇ?Γé¼├óΓÇ?Γé¼
├óΓÇ?Γé¼├óΓÇ?Γé¼├óΓÇ?Γé¼├óΓÇ?Γé¼├óΓÇ?Γé¼├óΓÇ?Γé¼├óΓÇ?Γé¼├óΓÇ?Γé¼├óΓÇ?Γé¼├óΓÇ?Γé
¼├óΓÇ?Γé¼├óΓÇ?Γé¼├óΓÇ?Γé¼├óΓÇ?Γé¼├óΓÇ?Γé¼
                                                                               
                         ^
C:\Users\aniru\OneDrive\Documents\My Portfolio\Projects\JavaProjects\ChessApp 
(took 2 months to 
make)\Scaccomatto_final\Scaccomatto\src\AnalysisGame.java:46: error: 
unmappable character (0x9D) for encoding windows-1252
        // ├óΓÇ?Γé¼├óΓÇ?Γé¼ start Stockfish ├óΓÇ?Γé¼├óΓÇ?Γé¼├óΓÇ?Γé¼├óΓÇ?Γé¼├óΓ
Ç?Γé¼├óΓÇ?Γé¼├óΓÇ?Γé¼├óΓÇ?Γé¼├óΓÇ?Γé¼├óΓÇ?Γé¼├óΓÇ?Γé¼├óΓÇ?Γé¼├óΓÇ?Γé¼├óΓÇ?Γé¼├ó
ΓÇ?Γé¼├óΓÇ?Γé¼├óΓÇ?Γé¼├óΓÇ?Γé¼├óΓÇ?Γé¼├óΓÇ?Γé¼├óΓÇ?Γé¼├óΓÇ?Γé¼├óΓÇ?Γé¼├óΓÇ?Γé¼├
óΓÇ?Γé¼├óΓÇ?Γé¼├óΓÇ?Γé¼├óΓÇ?Γé¼├óΓÇ?Γé¼├óΓÇ?Γé¼├óΓÇ?Γé¼├óΓÇ?Γé¼├óΓÇ?Γé¼├óΓÇ?Γé¼
├óΓÇ?Γé¼├óΓÇ?Γé¼├óΓÇ?Γé¼├óΓÇ?Γé¼├óΓÇ?Γé¼├óΓÇ?Γé¼├óΓÇ?Γé¼├óΓÇ?Γé¼├óΓÇ?Γé¼├óΓÇ?Γé
¼├óΓÇ?Γé¼├óΓÇ?Γé¼├óΓÇ?Γé¼├óΓÇ?Γé¼├óΓÇ?Γé¼
                                                                               
                                 ^
C:\Users\aniru\OneDrive\Documents\My Portfolio\Projects\JavaProjects\ChessApp 
(took 2 months to 
make)\Scaccomatto_final\Scaccomatto\src\AnalysisGame.java:46: error: 
unmappable character (0x9D) for encoding windows-1252
        // ├óΓÇ?Γé¼├óΓÇ?Γé¼ start Stockfish ├óΓÇ?Γé¼├óΓÇ?Γé¼├óΓÇ?Γé¼├óΓÇ?Γé¼├óΓ
Ç?Γé¼├óΓÇ?Γé¼├óΓÇ?Γé¼├óΓÇ?Γé¼├óΓÇ?Γé¼├óΓÇ?Γé¼├óΓÇ?Γé¼├óΓÇ?Γé¼├óΓÇ?Γé¼├óΓÇ?Γé¼├ó
ΓÇ?Γé¼├óΓÇ?Γé¼├óΓÇ?Γé¼├óΓÇ?Γé¼├óΓÇ?Γé¼├óΓÇ?Γé¼├óΓÇ?Γé¼├óΓÇ?Γé¼├óΓÇ?Γé¼├óΓÇ?Γé¼├
óΓÇ?Γé¼├óΓÇ?Γé¼├óΓÇ?Γé¼├óΓÇ?Γé¼├óΓÇ?Γé¼├óΓÇ?Γé¼├óΓÇ?Γé¼├óΓÇ?Γé¼├óΓÇ?Γé¼├óΓÇ?Γé¼
├óΓÇ?Γé¼├óΓÇ?Γé¼├óΓÇ?Γé¼├óΓÇ?Γé¼├óΓÇ?Γé¼├óΓÇ?Γé¼├óΓÇ?Γé¼├óΓÇ?Γé¼├óΓÇ?Γé¼├óΓÇ?Γé
¼├óΓÇ?Γé¼├óΓÇ?Γé¼├óΓÇ?Γé¼├óΓÇ?Γé¼├óΓÇ?Γé¼
                                                                               
                                         ^
C:\Users\aniru\OneDrive\Documents\My Portfolio\Projects\JavaProjects\ChessApp 
(took 2 months to 
make)\Scaccomatto_final\Scaccomatto\src\AnalysisGame.java:46: error: 
unmappable character (0x9D) for encoding windows-1252
        // ├óΓÇ?Γé¼├óΓÇ?Γé¼ start Stockfish ├óΓÇ?Γé¼├óΓÇ?Γé¼├óΓÇ?Γé¼├óΓÇ?Γé¼├óΓ
Ç?Γé¼├óΓÇ?Γé¼├óΓÇ?Γé¼├óΓÇ?Γé¼├óΓÇ?Γé¼├óΓÇ?Γé¼├óΓÇ?Γé¼├óΓÇ?Γé¼├óΓÇ?Γé¼├óΓÇ?Γé¼├ó
ΓÇ?Γé¼├óΓÇ?Γé¼├óΓÇ?Γé¼├óΓÇ?Γé¼├óΓÇ?Γé¼├óΓÇ?Γé¼├óΓÇ?Γé¼├óΓÇ?Γé¼├óΓÇ?Γé¼├óΓÇ?Γé¼├
óΓÇ?Γé¼├óΓÇ?Γé¼├óΓÇ?Γé¼├óΓÇ?Γé¼├óΓÇ?Γé¼├óΓÇ?Γé¼├óΓÇ?Γé¼├óΓÇ?Γé¼├óΓÇ?Γé¼├óΓÇ?Γé¼
├óΓÇ?Γé¼├óΓÇ?Γé¼├óΓÇ?Γé¼├óΓÇ?Γé¼├óΓÇ?Γé¼├óΓÇ?Γé¼├óΓÇ?Γé¼├óΓÇ?Γé¼├óΓÇ?Γé¼├óΓÇ?Γé
¼├óΓÇ?Γé¼├óΓÇ?Γé¼├óΓÇ?Γé¼├óΓÇ?Γé¼├óΓÇ?Γé¼
                                                                               
                                                 ^
C:\Users\aniru\OneDrive\Documents\My Portfolio\Projects\JavaProjects\ChessApp 
(took 2 months to 
make)\Scaccomatto_final\Scaccomatto\src\AnalysisGame.java:46: error: 
unmappable character (0x9D) for encoding windows-1252
        // ├óΓÇ?Γé¼├óΓÇ?Γé¼ start Stockfish ├óΓÇ?Γé¼├óΓÇ?Γé¼├óΓÇ?Γé¼├óΓÇ?Γé¼├óΓ
Ç?Γé¼├óΓÇ?Γé¼├óΓÇ?Γé¼├óΓÇ?Γé¼├óΓÇ?Γé¼├óΓÇ?Γé¼├óΓÇ?Γé¼├óΓÇ?Γé¼├óΓÇ?Γé¼├óΓÇ?Γé¼├ó
ΓÇ?Γé¼├óΓÇ?Γé¼├óΓÇ?Γé¼├óΓÇ?Γé¼├óΓÇ?Γé¼├óΓÇ?Γé¼├óΓÇ?Γé¼├óΓÇ?Γé¼├óΓÇ?Γé¼├óΓÇ?Γé¼├
óΓÇ?Γé¼├óΓÇ?Γé¼├óΓÇ?Γé¼├óΓÇ?Γé¼├óΓÇ?Γé¼├óΓÇ?Γé¼├óΓÇ?Γé¼├óΓÇ?Γé¼├óΓÇ?Γé¼├óΓÇ?Γé¼
├óΓÇ?Γé¼├óΓÇ?Γé¼├óΓÇ?Γé¼├óΓÇ?Γé¼├óΓÇ?Γé¼├óΓÇ?Γé¼├óΓÇ?Γé¼├óΓÇ?Γé¼├óΓÇ?Γé¼├óΓÇ?Γé
¼├óΓÇ?Γé¼├óΓÇ?Γé¼├óΓÇ?Γé¼├óΓÇ?Γé¼├óΓÇ?Γé¼
                                                                               
                                                         ^
C:\Users\aniru\OneDrive\Documents\My Portfolio\Projects\JavaProjects\ChessApp 
(took 2 months to 
make)\Scaccomatto_final\Scaccomatto\src\AnalysisGame.java:46: error: 
unmappable character (0x9D) for encoding windows-1252
        // ├óΓÇ?Γé¼├óΓÇ?Γé¼ start Stockfish ├óΓÇ?Γé¼├óΓÇ?Γé¼├óΓÇ?Γé¼├óΓÇ?Γé¼├óΓ
Ç?Γé¼├óΓÇ?Γé¼├óΓÇ?Γé¼├óΓÇ?Γé¼├óΓÇ?Γé¼├óΓÇ?Γé¼├óΓÇ?Γé¼├óΓÇ?Γé¼├óΓÇ?Γé¼├óΓÇ?Γé¼├ó
ΓÇ?Γé¼├óΓÇ?Γé¼├óΓÇ?Γé¼├óΓÇ?Γé¼├óΓÇ?Γé¼├óΓÇ?Γé¼├óΓÇ?Γé¼├óΓÇ?Γé¼├óΓÇ?Γé¼├óΓÇ?Γé¼├
óΓÇ?Γé¼├óΓÇ?Γé¼├óΓÇ?Γé¼├óΓÇ?Γé¼├óΓÇ?Γé¼├óΓÇ?Γé¼├óΓÇ?Γé¼├óΓÇ?Γé¼├óΓÇ?Γé¼├óΓÇ?Γé¼
├óΓÇ?Γé¼├óΓÇ?Γé¼├óΓÇ?Γé¼├óΓÇ?Γé¼├óΓÇ?Γé¼├óΓÇ?Γé¼├óΓÇ?Γé¼├óΓÇ?Γé¼├óΓÇ?Γé¼├óΓÇ?Γé
¼├óΓÇ?Γé¼├óΓÇ?Γé¼├óΓÇ?Γé¼├óΓÇ?Γé¼├óΓÇ?Γé¼
                                                                               
                                                                 ^
C:\Users\aniru\OneDrive\Documents\My Portfolio\Projects\JavaProjects\ChessApp 
(took 2 months to 
make)\Scaccomatto_final\Scaccomatto\src\AnalysisGame.java:46: error: 
unmappable character (0x9D) for encoding windows-1252
        // ├óΓÇ?Γé¼├óΓÇ?Γé¼ start Stockfish ├óΓÇ?Γé¼├óΓÇ?Γé¼├óΓÇ?Γé¼├óΓÇ?Γé¼├óΓ
Ç?Γé¼├óΓÇ?Γé¼├óΓÇ?Γé¼├óΓÇ?Γé¼├óΓÇ?Γé¼├óΓÇ?Γé¼├óΓÇ?Γé¼├óΓÇ?Γé¼├óΓÇ?Γé¼├óΓÇ?Γé¼├ó
ΓÇ?Γé¼├óΓÇ?Γé¼├óΓÇ?Γé¼├óΓÇ?Γé¼├óΓÇ?Γé¼├óΓÇ?Γé¼├óΓÇ?Γé¼├óΓÇ?Γé¼├óΓÇ?Γé¼├óΓÇ?Γé¼├
óΓÇ?Γé¼├óΓÇ?Γé¼├óΓÇ?Γé¼├óΓÇ?Γé¼├óΓÇ?Γé¼├óΓÇ?Γé¼├óΓÇ?Γé¼├óΓÇ?Γé¼├óΓÇ?Γé¼├óΓÇ?Γé¼
├óΓÇ?Γé¼├óΓÇ?Γé¼├óΓÇ?Γé¼├óΓÇ?Γé¼├óΓÇ?Γé¼├óΓÇ?Γé¼├óΓÇ?Γé¼├óΓÇ?Γé¼├óΓÇ?Γé¼├óΓÇ?Γé
¼├óΓÇ?Γé¼├óΓÇ?Γé¼├óΓÇ?Γé¼├óΓÇ?Γé¼├óΓÇ?Γé¼
                                                                               
                                                                         ^
C:\Users\aniru\OneDrive\Documents\My Portfolio\Projects\JavaProjects\ChessApp 
(took 2 months to 
make)\Scaccomatto_final\Scaccomatto\src\AnalysisGame.java:46: error: 
unmappable character (0x9D) for encoding windows-1252
        // ├óΓÇ?Γé¼├óΓÇ?Γé¼ start Stockfish ├óΓÇ?Γé¼├óΓÇ?Γé¼├óΓÇ?Γé¼├óΓÇ?Γé¼├óΓ
Ç?Γé¼├óΓÇ?Γé¼├óΓÇ?Γé¼├óΓÇ?Γé¼├óΓÇ?Γé¼├óΓÇ?Γé¼├óΓÇ?Γé¼├óΓÇ?Γé¼├óΓÇ?Γé¼├óΓÇ?Γé¼├ó
ΓÇ?Γé¼├óΓÇ?Γé¼├óΓÇ?Γé¼├óΓÇ?Γé¼├óΓÇ?Γé¼├óΓÇ?Γé¼├óΓÇ?Γé¼├óΓÇ?Γé¼├óΓÇ?Γé¼├óΓÇ?Γé¼├
óΓÇ?Γé¼├óΓÇ?Γé¼├óΓÇ?Γé¼├óΓÇ?Γé¼├óΓÇ?Γé¼├óΓÇ?Γé¼├óΓÇ?Γé¼├óΓÇ?Γé¼├óΓÇ?Γé¼├óΓÇ?Γé¼
├óΓÇ?Γé¼├óΓÇ?Γé¼├óΓÇ?Γé¼├óΓÇ?Γé¼├óΓÇ?Γé¼├óΓÇ?Γé¼├óΓÇ?Γé¼├óΓÇ?Γé¼├óΓÇ?Γé¼├óΓÇ?Γé
¼├óΓÇ?Γé¼├óΓÇ?Γé¼├óΓÇ?Γé¼├óΓÇ?Γé¼├óΓÇ?Γé¼
                                                                               
                                                                               
  ^
C:\Users\aniru\OneDrive\Documents\My Portfolio\Projects\JavaProjects\ChessApp 
(took 2 months to 
make)\Scaccomatto_final\Scaccomatto\src\AnalysisGame.java:46: error: 
unmappable character (0x9D) for encoding windows-1252
        // ├óΓÇ?Γé¼├óΓÇ?Γé¼ start Stockfish ├óΓÇ?Γé¼├óΓÇ?Γé¼├óΓÇ?Γé¼├óΓÇ?Γé¼├óΓ
Ç?Γé¼├óΓÇ?Γé¼├óΓÇ?Γé¼├óΓÇ?Γé¼├óΓÇ?Γé¼├óΓÇ?Γé¼├óΓÇ?Γé¼├óΓÇ?Γé¼├óΓÇ?Γé¼├óΓÇ?Γé¼├ó
ΓÇ?Γé¼├óΓÇ?Γé¼├óΓÇ?Γé¼├óΓÇ?Γé¼├óΓÇ?Γé¼├óΓÇ?Γé¼├óΓÇ?Γé¼├óΓÇ?Γé¼├óΓÇ?Γé¼├óΓÇ?Γé¼├
óΓÇ?Γé¼├óΓÇ?Γé¼├óΓÇ?Γé¼├óΓÇ?Γé¼├óΓÇ?Γé¼├óΓÇ?Γé¼├óΓÇ?Γé¼├óΓÇ?Γé¼├óΓÇ?Γé¼├óΓÇ?Γé¼
├óΓÇ?Γé¼├óΓÇ?Γé¼├óΓÇ?Γé¼├óΓÇ?Γé¼├óΓÇ?Γé¼├óΓÇ?Γé¼├óΓÇ?Γé¼├óΓÇ?Γé¼├óΓÇ?Γé¼├óΓÇ?Γé
¼├óΓÇ?Γé¼├óΓÇ?Γé¼├óΓÇ?Γé¼├óΓÇ?Γé¼├óΓÇ?Γé¼
                                                                               
                                                                               
          ^
C:\Users\aniru\OneDrive\Documents\My Portfolio\Projects\JavaProjects\ChessApp 
(took 2 months to 
make)\Scaccomatto_final\Scaccomatto\src\AnalysisGame.java:46: error: 
unmappable character (0x9D) for encoding windows-1252
        // ├óΓÇ?Γé¼├óΓÇ?Γé¼ start Stockfish ├óΓÇ?Γé¼├óΓÇ?Γé¼├óΓÇ?Γé¼├óΓÇ?Γé¼├óΓ
Ç?Γé¼├óΓÇ?Γé¼├óΓÇ?Γé¼├óΓÇ?Γé¼├óΓÇ?Γé¼├óΓÇ?Γé¼├óΓÇ?Γé¼├óΓÇ?Γé¼├óΓÇ?Γé¼├óΓÇ?Γé¼├ó
ΓÇ?Γé¼├óΓÇ?Γé¼├óΓÇ?Γé¼├óΓÇ?Γé¼├óΓÇ?Γé¼├óΓÇ?Γé¼├óΓÇ?Γé¼├óΓÇ?Γé¼├óΓÇ?Γé¼├óΓÇ?Γé¼├
óΓÇ?Γé¼├óΓÇ?Γé¼├óΓÇ?Γé¼├óΓÇ?Γé¼├óΓÇ?Γé¼├óΓÇ?Γé¼├óΓÇ?Γé¼├óΓÇ?Γé¼├óΓÇ?Γé¼├óΓÇ?Γé¼
├óΓÇ?Γé¼├óΓÇ?Γé¼├óΓÇ?Γé¼├óΓÇ?Γé¼├óΓÇ?Γé¼├óΓÇ?Γé¼├óΓÇ?Γé¼├óΓÇ?Γé¼├óΓÇ?Γé¼├óΓÇ?Γé
¼├óΓÇ?Γé¼├óΓÇ?Γé¼├óΓÇ?Γé¼├óΓÇ?Γé¼├óΓÇ?Γé¼
                                                                               
                                                                               
                  ^
C:\Users\aniru\OneDrive\Documents\My Portfolio\Projects\JavaProjects\ChessApp 
(took 2 months to 
make)\Scaccomatto_final\Scaccomatto\src\AnalysisGame.java:46: error: 
unmappable character (0x9D) for encoding windows-1252
        // ├óΓÇ?Γé¼├óΓÇ?Γé¼ start Stockfish ├óΓÇ?Γé¼├óΓÇ?Γé¼├óΓÇ?Γé¼├óΓÇ?Γé¼├óΓ
Ç?Γé¼├óΓÇ?Γé¼├óΓÇ?Γé¼├óΓÇ?Γé¼├óΓÇ?Γé¼├óΓÇ?Γé¼├óΓÇ?Γé¼├óΓÇ?Γé¼├óΓÇ?Γé¼├óΓÇ?Γé¼├ó
ΓÇ?Γé¼├óΓÇ?Γé¼├óΓÇ?Γé¼├óΓÇ?Γé¼├óΓÇ?Γé¼├óΓÇ?Γé¼├óΓÇ?Γé¼├óΓÇ?Γé¼├óΓÇ?Γé¼├óΓÇ?Γé¼├
óΓÇ?Γé¼├óΓÇ?Γé¼├óΓÇ?Γé¼├óΓÇ?Γé¼├óΓÇ?Γé¼├óΓÇ?Γé¼├óΓÇ?Γé¼├óΓÇ?Γé¼├óΓÇ?Γé¼├óΓÇ?Γé¼
├óΓÇ?Γé¼├óΓÇ?Γé¼├óΓÇ?Γé¼├óΓÇ?Γé¼├óΓÇ?Γé¼├óΓÇ?Γé¼├óΓÇ?Γé¼├óΓÇ?Γé¼├óΓÇ?Γé¼├óΓÇ?Γé
¼├óΓÇ?Γé¼├óΓÇ?Γé¼├óΓÇ?Γé¼├óΓÇ?Γé¼├óΓÇ?Γé¼
                                                                               
                                                                               
                          ^
C:\Users\aniru\OneDrive\Documents\My Portfolio\Projects\JavaProjects\ChessApp 
(took 2 months to 
make)\Scaccomatto_final\Scaccomatto\src\AnalysisGame.java:46: error: 
unmappable character (0x9D) for encoding windows-1252
        // ├óΓÇ?Γé¼├óΓÇ?Γé¼ start Stockfish ├óΓÇ?Γé¼├óΓÇ?Γé¼├óΓÇ?Γé¼├óΓÇ?Γé¼├óΓ
Ç?Γé¼├óΓÇ?Γé¼├óΓÇ?Γé¼├óΓÇ?Γé¼├óΓÇ?Γé¼├óΓÇ?Γé¼├óΓÇ?Γé¼├óΓÇ?Γé¼├óΓÇ?Γé¼├óΓÇ?Γé¼├ó
ΓÇ?Γé¼├óΓÇ?Γé¼├óΓÇ?Γé¼├óΓÇ?Γé¼├óΓÇ?Γé¼├óΓÇ?Γé¼├óΓÇ?Γé¼├óΓÇ?Γé¼├óΓÇ?Γé¼├óΓÇ?Γé¼├
óΓÇ?Γé¼├óΓÇ?Γé¼├óΓÇ?Γé¼├óΓÇ?Γé¼├óΓÇ?Γé¼├óΓÇ?Γé¼├óΓÇ?Γé¼├óΓÇ?Γé¼├óΓÇ?Γé¼├óΓÇ?Γé¼
├óΓÇ?Γé¼├óΓÇ?Γé¼├óΓÇ?Γé¼├óΓÇ?Γé¼├óΓÇ?Γé¼├óΓÇ?Γé¼├óΓÇ?Γé¼├óΓÇ?Γé¼├óΓÇ?Γé¼├óΓÇ?Γé
¼├óΓÇ?Γé¼├óΓÇ?Γé¼├óΓÇ?Γé¼├óΓÇ?Γé¼├óΓÇ?Γé¼
                                                                               
                                                                               
                                  ^
C:\Users\aniru\OneDrive\Documents\My Portfolio\Projects\JavaProjects\ChessApp 
(took 2 months to 
make)\Scaccomatto_final\Scaccomatto\src\AnalysisGame.java:46: error: 
unmappable character (0x9D) for encoding windows-1252
        // ├óΓÇ?Γé¼├óΓÇ?Γé¼ start Stockfish ├óΓÇ?Γé¼├óΓÇ?Γé¼├óΓÇ?Γé¼├óΓÇ?Γé¼├óΓ
Ç?Γé¼├óΓÇ?Γé¼├óΓÇ?Γé¼├óΓÇ?Γé¼├óΓÇ?Γé¼├óΓÇ?Γé¼├óΓÇ?Γé¼├óΓÇ?Γé¼├óΓÇ?Γé¼├óΓÇ?Γé¼├ó
ΓÇ?Γé¼├óΓÇ?Γé¼├óΓÇ?Γé¼├óΓÇ?Γé¼├óΓÇ?Γé¼├óΓÇ?Γé¼├óΓÇ?Γé¼├óΓÇ?Γé¼├óΓÇ?Γé¼├óΓÇ?Γé¼├
óΓÇ?Γé¼├óΓÇ?Γé¼├óΓÇ?Γé¼├óΓÇ?Γé¼├óΓÇ?Γé¼├óΓÇ?Γé¼├óΓÇ?Γé¼├óΓÇ?Γé¼├óΓÇ?Γé¼├óΓÇ?Γé¼
├óΓÇ?Γé¼├óΓÇ?Γé¼├óΓÇ?Γé¼├óΓÇ?Γé¼├óΓÇ?Γé¼├óΓÇ?Γé¼├óΓÇ?Γé¼├óΓÇ?Γé¼├óΓÇ?Γé¼├óΓÇ?Γé
¼├óΓÇ?Γé¼├óΓÇ?Γé¼├óΓÇ?Γé¼├óΓÇ?Γé¼├óΓÇ?Γé¼
                                                                               
                                                                               
                                          ^
C:\Users\aniru\OneDrive\Documents\My Portfolio\Projects\JavaProjects\ChessApp 
(took 2 months to 
make)\Scaccomatto_final\Scaccomatto\src\AnalysisGame.java:46: error: 
unmappable character (0x9D) for encoding windows-1252
        // ├óΓÇ?Γé¼├óΓÇ?Γé¼ start Stockfish ├óΓÇ?Γé¼├óΓÇ?Γé¼├óΓÇ?Γé¼├óΓÇ?Γé¼├óΓ
Ç?Γé¼├óΓÇ?Γé¼├óΓÇ?Γé¼├óΓÇ?Γé¼├óΓÇ?Γé¼├óΓÇ?Γé¼├óΓÇ?Γé¼├óΓÇ?Γé¼├óΓÇ?Γé¼├óΓÇ?Γé¼├ó
ΓÇ?Γé¼├óΓÇ?Γé¼├óΓÇ?Γé¼├óΓÇ?Γé¼├óΓÇ?Γé¼├óΓÇ?Γé¼├óΓÇ?Γé¼├óΓÇ?Γé¼├óΓÇ?Γé¼├óΓÇ?Γé¼├
óΓÇ?Γé¼├óΓÇ?Γé¼├óΓÇ?Γé¼├óΓÇ?Γé¼├óΓÇ?Γé¼├óΓÇ?Γé¼├óΓÇ?Γé¼├óΓÇ?Γé¼├óΓÇ?Γé¼├óΓÇ?Γé¼
├óΓÇ?Γé¼├óΓÇ?Γé¼├óΓÇ?Γé¼├óΓÇ?Γé¼├óΓÇ?Γé¼├óΓÇ?Γé¼├óΓÇ?Γé¼├óΓÇ?Γé¼├óΓÇ?Γé¼├óΓÇ?Γé
¼├óΓÇ?Γé¼├óΓÇ?Γé¼├óΓÇ?Γé¼├óΓÇ?Γé¼├óΓÇ?Γé¼
                                                                               
                                                                               
                                                  ^
C:\Users\aniru\OneDrive\Documents\My Portfolio\Projects\JavaProjects\ChessApp 
(took 2 months to 
make)\Scaccomatto_final\Scaccomatto\src\AnalysisGame.java:46: error: 
unmappable character (0x9D) for encoding windows-1252
        // ├óΓÇ?Γé¼├óΓÇ?Γé¼ start Stockfish ├óΓÇ?Γé¼├óΓÇ?Γé¼├óΓÇ?Γé¼├óΓÇ?Γé¼├óΓ
Ç?Γé¼├óΓÇ?Γé¼├óΓÇ?Γé¼├óΓÇ?Γé¼├óΓÇ?Γé¼├óΓÇ?Γé¼├óΓÇ?Γé¼├óΓÇ?Γé¼├óΓÇ?Γé¼├óΓÇ?Γé¼├ó
ΓÇ?Γé¼├óΓÇ?Γé¼├óΓÇ?Γé¼├óΓÇ?Γé¼├óΓÇ?Γé¼├óΓÇ?Γé¼├óΓÇ?Γé¼├óΓÇ?Γé¼├óΓÇ?Γé¼├óΓÇ?Γé¼├
óΓÇ?Γé¼├óΓÇ?Γé¼├óΓÇ?Γé¼├óΓÇ?Γé¼├óΓÇ?Γé¼├óΓÇ?Γé¼├óΓÇ?Γé¼├óΓÇ?Γé¼├óΓÇ?Γé¼├óΓÇ?Γé¼
├óΓÇ?Γé¼├óΓÇ?Γé¼├óΓÇ?Γé¼├óΓÇ?Γé¼├óΓÇ?Γé¼├óΓÇ?Γé¼├óΓÇ?Γé¼├óΓÇ?Γé¼├óΓÇ?Γé¼├óΓÇ?Γé
¼├óΓÇ?Γé¼├óΓÇ?Γé¼├óΓÇ?Γé¼├óΓÇ?Γé¼├óΓÇ?Γé¼
                                                                               
                                                                               
                                                          ^
C:\Users\aniru\OneDrive\Documents\My Portfolio\Projects\JavaProjects\ChessApp 
(took 2 months to 
make)\Scaccomatto_final\Scaccomatto\src\AnalysisGame.java:46: error: 
unmappable character (0x9D) for encoding windows-1252
        // ├óΓÇ?Γé¼├óΓÇ?Γé¼ start Stockfish ├óΓÇ?Γé¼├óΓÇ?Γé¼├óΓÇ?Γé¼├óΓÇ?Γé¼├óΓ
Ç?Γé¼├óΓÇ?Γé¼├óΓÇ?Γé¼├óΓÇ?Γé¼├óΓÇ?Γé¼├óΓÇ?Γé¼├óΓÇ?Γé¼├óΓÇ?Γé¼├óΓÇ?Γé¼├óΓÇ?Γé¼├ó
ΓÇ?Γé¼├óΓÇ?Γé¼├óΓÇ?Γé¼├óΓÇ?Γé¼├óΓÇ?Γé¼├óΓÇ?Γé¼├óΓÇ?Γé¼├óΓÇ?Γé¼├óΓÇ?Γé¼├óΓÇ?Γé¼├
óΓÇ?Γé¼├óΓÇ?Γé¼├óΓÇ?Γé¼├óΓÇ?Γé¼├óΓÇ?Γé¼├óΓÇ?Γé¼├óΓÇ?Γé¼├óΓÇ?Γé¼├óΓÇ?Γé¼├óΓÇ?Γé¼
├óΓÇ?Γé¼├óΓÇ?Γé¼├óΓÇ?Γé¼├óΓÇ?Γé¼├óΓÇ?Γé¼├óΓÇ?Γé¼├óΓÇ?Γé¼├óΓÇ?Γé¼├óΓÇ?Γé¼├óΓÇ?Γé
¼├óΓÇ?Γé¼├óΓÇ?Γé¼├óΓÇ?Γé¼├óΓÇ?Γé¼├óΓÇ?Γé¼
                                                                               
                                                                               
                                                                  ^
C:\Users\aniru\OneDrive\Documents\My Portfolio\Projects\JavaProjects\ChessApp 
(took 2 months to 
make)\Scaccomatto_final\Scaccomatto\src\AnalysisGame.java:46: error: 
unmappable character (0x9D) for encoding windows-1252
        // ├óΓÇ?Γé¼├óΓÇ?Γé¼ start Stockfish ├óΓÇ?Γé¼├óΓÇ?Γé¼├óΓÇ?Γé¼├óΓÇ?Γé¼├óΓ
Ç?Γé¼├óΓÇ?Γé¼├óΓÇ?Γé¼├óΓÇ?Γé¼├óΓÇ?Γé¼├óΓÇ?Γé¼├óΓÇ?Γé¼├óΓÇ?Γé¼├óΓÇ?Γé¼├óΓÇ?Γé¼├ó
ΓÇ?Γé¼├óΓÇ?Γé¼├óΓÇ?Γé¼├óΓÇ?Γé¼├óΓÇ?Γé¼├óΓÇ?Γé¼├óΓÇ?Γé¼├óΓÇ?Γé¼├óΓÇ?Γé¼├óΓÇ?Γé¼├
óΓÇ?Γé¼├óΓÇ?Γé¼├óΓÇ?Γé¼├óΓÇ?Γé¼├óΓÇ?Γé¼├óΓÇ?Γé¼├óΓÇ?Γé¼├óΓÇ?Γé¼├óΓÇ?Γé¼├óΓÇ?Γé¼
├óΓÇ?Γé¼├óΓÇ?Γé¼├óΓÇ?Γé¼├óΓÇ?Γé¼├óΓÇ?Γé¼├óΓÇ?Γé¼├óΓÇ?Γé¼├óΓÇ?Γé¼├óΓÇ?Γé¼├óΓÇ?Γé
¼├óΓÇ?Γé¼├óΓÇ?Γé¼├óΓÇ?Γé¼├óΓÇ?Γé¼├óΓÇ?Γé¼
                                                                               
                                                                               
                                                                          ^
C:\Users\aniru\OneDrive\Documents\My Portfolio\Projects\JavaProjects\ChessApp 
(took 2 months to 
make)\Scaccomatto_final\Scaccomatto\src\AnalysisGame.java:46: error: 
unmappable character (0x9D) for encoding windows-1252
        // ├óΓÇ?Γé¼├óΓÇ?Γé¼ start Stockfish ├óΓÇ?Γé¼├óΓÇ?Γé¼├óΓÇ?Γé¼├óΓÇ?Γé¼├óΓ
Ç?Γé¼├óΓÇ?Γé¼├óΓÇ?Γé¼├óΓÇ?Γé¼├óΓÇ?Γé¼├óΓÇ?Γé¼├óΓÇ?Γé¼├óΓÇ?Γé¼├óΓÇ?Γé¼├óΓÇ?Γé¼├ó
ΓÇ?Γé¼├óΓÇ?Γé¼├óΓÇ?Γé¼├óΓÇ?Γé¼├óΓÇ?Γé¼├óΓÇ?Γé¼├óΓÇ?Γé¼├óΓÇ?Γé¼├óΓÇ?Γé¼├óΓÇ?Γé¼├
óΓÇ?Γé¼├óΓÇ?Γé¼├óΓÇ?Γé¼├óΓÇ?Γé¼├óΓÇ?Γé¼├óΓÇ?Γé¼├óΓÇ?Γé¼├óΓÇ?Γé¼├óΓÇ?Γé¼├óΓÇ?Γé¼
├óΓÇ?Γé¼├óΓÇ?Γé¼├óΓÇ?Γé¼├óΓÇ?Γé¼├óΓÇ?Γé¼├óΓÇ?Γé¼├óΓÇ?Γé¼├óΓÇ?Γé¼├óΓÇ?Γé¼├óΓÇ?Γé
¼├óΓÇ?Γé¼├óΓÇ?Γé¼├óΓÇ?Γé¼├óΓÇ?Γé¼├óΓÇ?Γé¼
                                                                               
                                                                               
                                                                               
   ^
C:\Users\aniru\OneDrive\Documents\My Portfolio\Projects\JavaProjects\ChessApp 
(took 2 months to 
make)\Scaccomatto_final\Scaccomatto\src\AnalysisGame.java:46: error: 
unmappable character (0x9D) for encoding windows-1252
        // ├óΓÇ?Γé¼├óΓÇ?Γé¼ start Stockfish ├óΓÇ?Γé¼├óΓÇ?Γé¼├óΓÇ?Γé¼├óΓÇ?Γé¼├óΓ
Ç?Γé¼├óΓÇ?Γé¼├óΓÇ?Γé¼├óΓÇ?Γé¼├óΓÇ?Γé¼├óΓÇ?Γé¼├óΓÇ?Γé¼├óΓÇ?Γé¼├óΓÇ?Γé¼├óΓÇ?Γé¼├ó
ΓÇ?Γé¼├óΓÇ?Γé¼├óΓÇ?Γé¼├óΓÇ?Γé¼├óΓÇ?Γé¼├óΓÇ?Γé¼├óΓÇ?Γé¼├óΓÇ?Γé¼├óΓÇ?Γé¼├óΓÇ?Γé¼├
óΓÇ?Γé¼├óΓÇ?Γé¼├óΓÇ?Γé¼├óΓÇ?Γé¼├óΓÇ?Γé¼├óΓÇ?Γé¼├óΓÇ?Γé¼├óΓÇ?Γé¼├óΓÇ?Γé¼├óΓÇ?Γé¼
├óΓÇ?Γé¼├óΓÇ?Γé¼├óΓÇ?Γé¼├óΓÇ?Γé¼├óΓÇ?Γé¼├óΓÇ?Γé¼├óΓÇ?Γé¼├óΓÇ?Γé¼├óΓÇ?Γé¼├óΓÇ?Γé
¼├óΓÇ?Γé¼├óΓÇ?Γé¼├óΓÇ?Γé¼├óΓÇ?Γé¼├óΓÇ?Γé¼
                                                                               
                                                                               
                                                                               
           ^
C:\Users\aniru\OneDrive\Documents\My Portfolio\Projects\JavaProjects\ChessApp 
(took 2 months to 
make)\Scaccomatto_final\Scaccomatto\src\AnalysisGame.java:46: error: 
unmappable character (0x9D) for encoding windows-1252
        // ├óΓÇ?Γé¼├óΓÇ?Γé¼ start Stockfish ├óΓÇ?Γé¼├óΓÇ?Γé¼├óΓÇ?Γé¼├óΓÇ?Γé¼├óΓ
Ç?Γé¼├óΓÇ?Γé¼├óΓÇ?Γé¼├óΓÇ?Γé¼├óΓÇ?Γé¼├óΓÇ?Γé¼├óΓÇ?Γé¼├óΓÇ?Γé¼├óΓÇ?Γé¼├óΓÇ?Γé¼├ó
ΓÇ?Γé¼├óΓÇ?Γé¼├óΓÇ?Γé¼├óΓÇ?Γé¼├óΓÇ?Γé¼├óΓÇ?Γé¼├óΓÇ?Γé¼├óΓÇ?Γé¼├óΓÇ?Γé¼├óΓÇ?Γé¼├
óΓÇ?Γé¼├óΓÇ?Γé¼├óΓÇ?Γé¼├óΓÇ?Γé¼├óΓÇ?Γé¼├óΓÇ?Γé¼├óΓÇ?Γé¼├óΓÇ?Γé¼├óΓÇ?Γé¼├óΓÇ?Γé¼
├óΓÇ?Γé¼├óΓÇ?Γé¼├óΓÇ?Γé¼├óΓÇ?Γé¼├óΓÇ?Γé¼├óΓÇ?Γé¼├óΓÇ?Γé¼├óΓÇ?Γé¼├óΓÇ?Γé¼├óΓÇ?Γé
¼├óΓÇ?Γé¼├óΓÇ?Γé¼├óΓÇ?Γé¼├óΓÇ?Γé¼├óΓÇ?Γé¼
                                                                               
                                                                               
                                                                               
                   ^
C:\Users\aniru\OneDrive\Documents\My Portfolio\Projects\JavaProjects\ChessApp 
(took 2 months to 
make)\Scaccomatto_final\Scaccomatto\src\AnalysisGame.java:46: error: 
unmappable character (0x9D) for encoding windows-1252
        // ├óΓÇ?Γé¼├óΓÇ?Γé¼ start Stockfish ├óΓÇ?Γé¼├óΓÇ?Γé¼├óΓÇ?Γé¼├óΓÇ?Γé¼├óΓ
Ç?Γé¼├óΓÇ?Γé¼├óΓÇ?Γé¼├óΓÇ?Γé¼├óΓÇ?Γé¼├óΓÇ?Γé¼├óΓÇ?Γé¼├óΓÇ?Γé¼├óΓÇ?Γé¼├óΓÇ?Γé¼├ó
ΓÇ?Γé¼├óΓÇ?Γé¼├óΓÇ?Γé¼├óΓÇ?Γé¼├óΓÇ?Γé¼├óΓÇ?Γé¼├óΓÇ?Γé¼├óΓÇ?Γé¼├óΓÇ?Γé¼├óΓÇ?Γé¼├
óΓÇ?Γé¼├óΓÇ?Γé¼├óΓÇ?Γé¼├óΓÇ?Γé¼├óΓÇ?Γé¼├óΓÇ?Γé¼├óΓÇ?Γé¼├óΓÇ?Γé¼├óΓÇ?Γé¼├óΓÇ?Γé¼
├óΓÇ?Γé¼├óΓÇ?Γé¼├óΓÇ?Γé¼├óΓÇ?Γé¼├óΓÇ?Γé¼├óΓÇ?Γé¼├óΓÇ?Γé¼├óΓÇ?Γé¼├óΓÇ?Γé¼├óΓÇ?Γé
¼├óΓÇ?Γé¼├óΓÇ?Γé¼├óΓÇ?Γé¼├óΓÇ?Γé¼├óΓÇ?Γé¼
                                                                               
                                                                               
                                                                               
                           ^
C:\Users\aniru\OneDrive\Documents\My Portfolio\Projects\JavaProjects\ChessApp 
(took 2 months to 
make)\Scaccomatto_final\Scaccomatto\src\AnalysisGame.java:46: error: 
unmappable character (0x9D) for encoding windows-1252
        // ├óΓÇ?Γé¼├óΓÇ?Γé¼ start Stockfish ├óΓÇ?Γé¼├óΓÇ?Γé¼├óΓÇ?Γé¼├óΓÇ?Γé¼├óΓ
Ç?Γé¼├óΓÇ?Γé¼├óΓÇ?Γé¼├óΓÇ?Γé¼├óΓÇ?Γé¼├óΓÇ?Γé¼├óΓÇ?Γé¼├óΓÇ?Γé¼├óΓÇ?Γé¼├óΓÇ?Γé¼├ó
ΓÇ?Γé¼├óΓÇ?Γé¼├óΓÇ?Γé¼├óΓÇ?Γé¼├óΓÇ?Γé¼├óΓÇ?Γé¼├óΓÇ?Γé¼├óΓÇ?Γé¼├óΓÇ?Γé¼├óΓÇ?Γé¼├
óΓÇ?Γé¼├óΓÇ?Γé¼├óΓÇ?Γé¼├óΓÇ?Γé¼├óΓÇ?Γé¼├óΓÇ?Γé¼├óΓÇ?Γé¼├óΓÇ?Γé¼├óΓÇ?Γé¼├óΓÇ?Γé¼
├óΓÇ?Γé¼├óΓÇ?Γé¼├óΓÇ?Γé¼├óΓÇ?Γé¼├óΓÇ?Γé¼├óΓÇ?Γé¼├óΓÇ?Γé¼├óΓÇ?Γé¼├óΓÇ?Γé¼├óΓÇ?Γé
¼├óΓÇ?Γé¼├óΓÇ?Γé¼├óΓÇ?Γé¼├óΓÇ?Γé¼├óΓÇ?Γé¼
                                                                               
                                                                               
                                                                               
                                   ^
C:\Users\aniru\OneDrive\Documents\My Portfolio\Projects\JavaProjects\ChessApp 
(took 2 months to 
make)\Scaccomatto_final\Scaccomatto\src\AnalysisGame.java:46: error: 
unmappable character (0x9D) for encoding windows-1252
        // ├óΓÇ?Γé¼├óΓÇ?Γé¼ start Stockfish ├óΓÇ?Γé¼├óΓÇ?Γé¼├óΓÇ?Γé¼├óΓÇ?Γé¼├óΓ
Ç?Γé¼├óΓÇ?Γé¼├óΓÇ?Γé¼├óΓÇ?Γé¼├óΓÇ?Γé¼├óΓÇ?Γé¼├óΓÇ?Γé¼├óΓÇ?Γé¼├óΓÇ?Γé¼├óΓÇ?Γé¼├ó
ΓÇ?Γé¼├óΓÇ?Γé¼├óΓÇ?Γé¼├óΓÇ?Γé¼├óΓÇ?Γé¼├óΓÇ?Γé¼├óΓÇ?Γé¼├óΓÇ?Γé¼├óΓÇ?Γé¼├óΓÇ?Γé¼├
óΓÇ?Γé¼├óΓÇ?Γé¼├óΓÇ?Γé¼├óΓÇ?Γé¼├óΓÇ?Γé¼├óΓÇ?Γé¼├óΓÇ?Γé¼├óΓÇ?Γé¼├óΓÇ?Γé¼├óΓÇ?Γé¼
├óΓÇ?Γé¼├óΓÇ?Γé¼├óΓÇ?Γé¼├óΓÇ?Γé¼├óΓÇ?Γé¼├óΓÇ?Γé¼├óΓÇ?Γé¼├óΓÇ?Γé¼├óΓÇ?Γé¼├óΓÇ?Γé
¼├óΓÇ?Γé¼├óΓÇ?Γé¼├óΓÇ?Γé¼├óΓÇ?Γé¼├óΓÇ?Γé¼
                                                                               
                                                                               
                                                                               
                                           ^
C:\Users\aniru\OneDrive\Documents\My Portfolio\Projects\JavaProjects\ChessApp 
(took 2 months to 
make)\Scaccomatto_final\Scaccomatto\src\AnalysisGame.java:46: error: 
unmappable character (0x9D) for encoding windows-1252
        // ├óΓÇ?Γé¼├óΓÇ?Γé¼ start Stockfish ├óΓÇ?Γé¼├óΓÇ?Γé¼├óΓÇ?Γé¼├óΓÇ?Γé¼├óΓ
Ç?Γé¼├óΓÇ?Γé¼├óΓÇ?Γé¼├óΓÇ?Γé¼├óΓÇ?Γé¼├óΓÇ?Γé¼├óΓÇ?Γé¼├óΓÇ?Γé¼├óΓÇ?Γé¼├óΓÇ?Γé¼├ó
ΓÇ?Γé¼├óΓÇ?Γé¼├óΓÇ?Γé¼├óΓÇ?Γé¼├óΓÇ?Γé¼├óΓÇ?Γé¼├óΓÇ?Γé¼├óΓÇ?Γé¼├óΓÇ?Γé¼├óΓÇ?Γé¼├
óΓÇ?Γé¼├óΓÇ?Γé¼├óΓÇ?Γé¼├óΓÇ?Γé¼├óΓÇ?Γé¼├óΓÇ?Γé¼├óΓÇ?Γé¼├óΓÇ?Γé¼├óΓÇ?Γé¼├óΓÇ?Γé¼
├óΓÇ?Γé¼├óΓÇ?Γé¼├óΓÇ?Γé¼├óΓÇ?Γé¼├óΓÇ?Γé¼├óΓÇ?Γé¼├óΓÇ?Γé¼├óΓÇ?Γé¼├óΓÇ?Γé¼├óΓÇ?Γé
¼├óΓÇ?Γé¼├óΓÇ?Γé¼├óΓÇ?Γé¼├óΓÇ?Γé¼├óΓÇ?Γé¼
                                                                               
                                                                               
                                                                               
                                                   ^
C:\Users\aniru\OneDrive\Documents\My Portfolio\Projects\JavaProjects\ChessApp 
(took 2 months to 
make)\Scaccomatto_final\Scaccomatto\src\AnalysisGame.java:46: error: 
unmappable character (0x9D) for encoding windows-1252
        // ├óΓÇ?Γé¼├óΓÇ?Γé¼ start Stockfish ├óΓÇ?Γé¼├óΓÇ?Γé¼├óΓÇ?Γé¼├óΓÇ?Γé¼├óΓ
Ç?Γé¼├óΓÇ?Γé¼├óΓÇ?Γé¼├óΓÇ?Γé¼├óΓÇ?Γé¼├óΓÇ?Γé¼├óΓÇ?Γé¼├óΓÇ?Γé¼├óΓÇ?Γé¼├óΓÇ?Γé¼├ó
ΓÇ?Γé¼├óΓÇ?Γé¼├óΓÇ?Γé¼├óΓÇ?Γé¼├óΓÇ?Γé¼├óΓÇ?Γé¼├óΓÇ?Γé¼├óΓÇ?Γé¼├óΓÇ?Γé¼├óΓÇ?Γé¼├
óΓÇ?Γé¼├óΓÇ?Γé¼├óΓÇ?Γé¼├óΓÇ?Γé¼├óΓÇ?Γé¼├óΓÇ?Γé¼├óΓÇ?Γé¼├óΓÇ?Γé¼├óΓÇ?Γé¼├óΓÇ?Γé¼
├óΓÇ?Γé¼├óΓÇ?Γé¼├óΓÇ?Γé¼├óΓÇ?Γé¼├óΓÇ?Γé¼├óΓÇ?Γé¼├óΓÇ?Γé¼├óΓÇ?Γé¼├óΓÇ?Γé¼├óΓÇ?Γé
¼├óΓÇ?Γé¼├óΓÇ?Γé¼├óΓÇ?Γé¼├óΓÇ?Γé¼├óΓÇ?Γé¼
                                                                               
                                                                               
                                                                               
                                                           ^
C:\Users\aniru\OneDrive\Documents\My Portfolio\Projects\JavaProjects\ChessApp 
(took 2 months to 
make)\Scaccomatto_final\Scaccomatto\src\AnalysisGame.java:46: error: 
unmappable character (0x9D) for encoding windows-1252
        // ├óΓÇ?Γé¼├óΓÇ?Γé¼ start Stockfish ├óΓÇ?Γé¼├óΓÇ?Γé¼├óΓÇ?Γé¼├óΓÇ?Γé¼├óΓ
Ç?Γé¼├óΓÇ?Γé¼├óΓÇ?Γé¼├óΓÇ?Γé¼├óΓÇ?Γé¼├óΓÇ?Γé¼├óΓÇ?Γé¼├óΓÇ?Γé¼├óΓÇ?Γé¼├óΓÇ?Γé¼├ó
ΓÇ?Γé¼├óΓÇ?Γé¼├óΓÇ?Γé¼├óΓÇ?Γé¼├óΓÇ?Γé¼├óΓÇ?Γé¼├óΓÇ?Γé¼├óΓÇ?Γé¼├óΓÇ?Γé¼├óΓÇ?Γé¼├
óΓÇ?Γé¼├óΓÇ?Γé¼├óΓÇ?Γé¼├óΓÇ?Γé¼├óΓÇ?Γé¼├óΓÇ?Γé¼├óΓÇ?Γé¼├óΓÇ?Γé¼├óΓÇ?Γé¼├óΓÇ?Γé¼
├óΓÇ?Γé¼├óΓÇ?Γé¼├óΓÇ?Γé¼├óΓÇ?Γé¼├óΓÇ?Γé¼├óΓÇ?Γé¼├óΓÇ?Γé¼├óΓÇ?Γé¼├óΓÇ?Γé¼├óΓÇ?Γé
¼├óΓÇ?Γé¼├óΓÇ?Γé¼├óΓÇ?Γé¼├óΓÇ?Γé¼├óΓÇ?Γé¼
                                                                               
                                                                               
                                                                               
                                                                   ^
C:\Users\aniru\OneDrive\Documents\My Portfolio\Projects\JavaProjects\ChessApp 
(took 2 months to 
make)\Scaccomatto_final\Scaccomatto\src\AnalysisGame.java:46: error: 
unmappable character (0x9D) for encoding windows-1252
        // ├óΓÇ?Γé¼├óΓÇ?Γé¼ start Stockfish ├óΓÇ?Γé¼├óΓÇ?Γé¼├óΓÇ?Γé¼├óΓÇ?Γé¼├óΓ
Ç?Γé¼├óΓÇ?Γé¼├óΓÇ?Γé¼├óΓÇ?Γé¼├óΓÇ?Γé¼├óΓÇ?Γé¼├óΓÇ?Γé¼├óΓÇ?Γé¼├óΓÇ?Γé¼├óΓÇ?Γé¼├ó
ΓÇ?Γé¼├óΓÇ?Γé¼├óΓÇ?Γé¼├óΓÇ?Γé¼├óΓÇ?Γé¼├óΓÇ?Γé¼├óΓÇ?Γé¼├óΓÇ?Γé¼├óΓÇ?Γé¼├óΓÇ?Γé¼├
óΓÇ?Γé¼├óΓÇ?Γé¼├óΓÇ?Γé¼├óΓÇ?Γé¼├óΓÇ?Γé¼├óΓÇ?Γé¼├óΓÇ?Γé¼├óΓÇ?Γé¼├óΓÇ?Γé¼├óΓÇ?Γé¼
├óΓÇ?Γé¼├óΓÇ?Γé¼├óΓÇ?Γé¼├óΓÇ?Γé¼├óΓÇ?Γé¼├óΓÇ?Γé¼├óΓÇ?Γé¼├óΓÇ?Γé¼├óΓÇ?Γé¼├óΓÇ?Γé
¼├óΓÇ?Γé¼├óΓÇ?Γé¼├óΓÇ?Γé¼├óΓÇ?Γé¼├óΓÇ?Γé¼
                                                                               
                                                                               
                                                                               
                                                                           ^
C:\Users\aniru\OneDrive\Documents\My Portfolio\Projects\JavaProjects\ChessApp 
(took 2 months to 
make)\Scaccomatto_final\Scaccomatto\src\AnalysisGame.java:46: error: 
unmappable character (0x9D) for encoding windows-1252
        // ├óΓÇ?Γé¼├óΓÇ?Γé¼ start Stockfish ├óΓÇ?Γé¼├óΓÇ?Γé¼├óΓÇ?Γé¼├óΓÇ?Γé¼├óΓ
Ç?Γé¼├óΓÇ?Γé¼├óΓÇ?Γé¼├óΓÇ?Γé¼├óΓÇ?Γé¼├óΓÇ?Γé¼├óΓÇ?Γé¼├óΓÇ?Γé¼├óΓÇ?Γé¼├óΓÇ?Γé¼├ó
ΓÇ?Γé¼├óΓÇ?Γé¼├óΓÇ?Γé¼├óΓÇ?Γé¼├óΓÇ?Γé¼├óΓÇ?Γé¼├óΓÇ?Γé¼├óΓÇ?Γé¼├óΓÇ?Γé¼├óΓÇ?Γé¼├
óΓÇ?Γé¼├óΓÇ?Γé¼├óΓÇ?Γé¼├óΓÇ?Γé¼├óΓÇ?Γé¼├óΓÇ?Γé¼├óΓÇ?Γé¼├óΓÇ?Γé¼├óΓÇ?Γé¼├óΓÇ?Γé¼
├óΓÇ?Γé¼├óΓÇ?Γé¼├óΓÇ?Γé¼├óΓÇ?Γé¼├óΓÇ?Γé¼├óΓÇ?Γé¼├óΓÇ?Γé¼├óΓÇ?Γé¼├óΓÇ?Γé¼├óΓÇ?Γé
¼├óΓÇ?Γé¼├óΓÇ?Γé¼├óΓÇ?Γé¼├óΓÇ?Γé¼├óΓÇ?Γé¼
                                                                               
                                                                               
                                                                               
                                                                               
    ^
C:\Users\aniru\OneDrive\Documents\My Portfolio\Projects\JavaProjects\ChessApp 
(took 2 months to 
make)\Scaccomatto_final\Scaccomatto\src\AnalysisGame.java:46: error: 
unmappable character (0x9D) for encoding windows-1252
        // ├óΓÇ?Γé¼├óΓÇ?Γé¼ start Stockfish ├óΓÇ?Γé¼├óΓÇ?Γé¼├óΓÇ?Γé¼├óΓÇ?Γé¼├óΓ
Ç?Γé¼├óΓÇ?Γé¼├óΓÇ?Γé¼├óΓÇ?Γé¼├óΓÇ?Γé¼├óΓÇ?Γé¼├óΓÇ?Γé¼├óΓÇ?Γé¼├óΓÇ?Γé¼├óΓÇ?Γé¼├ó
ΓÇ?Γé¼├óΓÇ?Γé¼├óΓÇ?Γé¼├óΓÇ?Γé¼├óΓÇ?Γé¼├óΓÇ?Γé¼├óΓÇ?Γé¼├óΓÇ?Γé¼├óΓÇ?Γé¼├óΓÇ?Γé¼├
óΓÇ?Γé¼├óΓÇ?Γé¼├óΓÇ?Γé¼├óΓÇ?Γé¼├óΓÇ?Γé¼├óΓÇ?Γé¼├óΓÇ?Γé¼├óΓÇ?Γé¼├óΓÇ?Γé¼├óΓÇ?Γé¼
├óΓÇ?Γé¼├óΓÇ?Γé¼├óΓÇ?Γé¼├óΓÇ?Γé¼├óΓÇ?Γé¼├óΓÇ?Γé¼├óΓÇ?Γé¼├óΓÇ?Γé¼├óΓÇ?Γé¼├óΓÇ?Γé
¼├óΓÇ?Γé¼├óΓÇ?Γé¼├óΓÇ?Γé¼├óΓÇ?Γé¼├óΓÇ?Γé¼
                                                                               
                                                                               
                                                                               
                                                                               
            ^
C:\Users\aniru\OneDrive\Documents\My Portfolio\Projects\JavaProjects\ChessApp 
(took 2 months to 
make)\Scaccomatto_final\Scaccomatto\src\AnalysisGame.java:46: error: 
unmappable character (0x9D) for encoding windows-1252
        // ├óΓÇ?Γé¼├óΓÇ?Γé¼ start Stockfish ├óΓÇ?Γé¼├óΓÇ?Γé¼├óΓÇ?Γé¼├óΓÇ?Γé¼├óΓ
Ç?Γé¼├óΓÇ?Γé¼├óΓÇ?Γé¼├óΓÇ?Γé¼├óΓÇ?Γé¼├óΓÇ?Γé¼├óΓÇ?Γé¼├óΓÇ?Γé¼├óΓÇ?Γé¼├óΓÇ?Γé¼├ó
ΓÇ?Γé¼├óΓÇ?Γé¼├óΓÇ?Γé¼├óΓÇ?Γé¼├óΓÇ?Γé¼├óΓÇ?Γé¼├óΓÇ?Γé¼├óΓÇ?Γé¼├óΓÇ?Γé¼├óΓÇ?Γé¼├
óΓÇ?Γé¼├óΓÇ?Γé¼├óΓÇ?Γé¼├óΓÇ?Γé¼├óΓÇ?Γé¼├óΓÇ?Γé¼├óΓÇ?Γé¼├óΓÇ?Γé¼├óΓÇ?Γé¼├óΓÇ?Γé¼
├óΓÇ?Γé¼├óΓÇ?Γé¼├óΓÇ?Γé¼├óΓÇ?Γé¼├óΓÇ?Γé¼├óΓÇ?Γé¼├óΓÇ?Γé¼├óΓÇ?Γé¼├óΓÇ?Γé¼├óΓÇ?Γé
¼├óΓÇ?Γé¼├óΓÇ?Γé¼├óΓÇ?Γé¼├óΓÇ?Γé¼├óΓÇ?Γé¼
                                                                               
                                                                               
                                                                               
                                                                               
                    ^
C:\Users\aniru\OneDrive\Documents\My Portfolio\Projects\JavaProjects\ChessApp 
(took 2 months to 
make)\Scaccomatto_final\Scaccomatto\src\AnalysisGame.java:46: error: 
unmappable character (0x9D) for encoding windows-1252
        // ├óΓÇ?Γé¼├óΓÇ?Γé¼ start Stockfish ├óΓÇ?Γé¼├óΓÇ?Γé¼├óΓÇ?Γé¼├óΓÇ?Γé¼├óΓ
Ç?Γé¼├óΓÇ?Γé¼├óΓÇ?Γé¼├óΓÇ?Γé¼├óΓÇ?Γé¼├óΓÇ?Γé¼├óΓÇ?Γé¼├óΓÇ?Γé¼├óΓÇ?Γé¼├óΓÇ?Γé¼├ó
ΓÇ?Γé¼├óΓÇ?Γé¼├óΓÇ?Γé¼├óΓÇ?Γé¼├óΓÇ?Γé¼├óΓÇ?Γé¼├óΓÇ?Γé¼├óΓÇ?Γé¼├óΓÇ?Γé¼├óΓÇ?Γé¼├
óΓÇ?Γé¼├óΓÇ?Γé¼├óΓÇ?Γé¼├óΓÇ?Γé¼├óΓÇ?Γé¼├óΓÇ?Γé¼├óΓÇ?Γé¼├óΓÇ?Γé¼├óΓÇ?Γé¼├óΓÇ?Γé¼
├óΓÇ?Γé¼├óΓÇ?Γé¼├óΓÇ?Γé¼├óΓÇ?Γé¼├óΓÇ?Γé¼├óΓÇ?Γé¼├óΓÇ?Γé¼├óΓÇ?Γé¼├óΓÇ?Γé¼├óΓÇ?Γé
¼├óΓÇ?Γé¼├óΓÇ?Γé¼├óΓÇ?Γé¼├óΓÇ?Γé¼├óΓÇ?Γé¼
                                                                               
                                                                               
                                                                               
                                                                               
                            ^
C:\Users\aniru\OneDrive\Documents\My Portfolio\Projects\JavaProjects\ChessApp 
(took 2 months to 
make)\Scaccomatto_final\Scaccomatto\src\AnalysisGame.java:46: error: 
unmappable character (0x9D) for encoding windows-1252
        // ├óΓÇ?Γé¼├óΓÇ?Γé¼ start Stockfish ├óΓÇ?Γé¼├óΓÇ?Γé¼├óΓÇ?Γé¼├óΓÇ?Γé¼├óΓ
Ç?Γé¼├óΓÇ?Γé¼├óΓÇ?Γé¼├óΓÇ?Γé¼├óΓÇ?Γé¼├óΓÇ?Γé¼├óΓÇ?Γé¼├óΓÇ?Γé¼├óΓÇ?Γé¼├óΓÇ?Γé¼├ó
ΓÇ?Γé¼├óΓÇ?Γé¼├óΓÇ?Γé¼├óΓÇ?Γé¼├óΓÇ?Γé¼├óΓÇ?Γé¼├óΓÇ?Γé¼├óΓÇ?Γé¼├óΓÇ?Γé¼├óΓÇ?Γé¼├
óΓÇ?Γé¼├óΓÇ?Γé¼├óΓÇ?Γé¼├óΓÇ?Γé¼├óΓÇ?Γé¼├óΓÇ?Γé¼├óΓÇ?Γé¼├óΓÇ?Γé¼├óΓÇ?Γé¼├óΓÇ?Γé¼
├óΓÇ?Γé¼├óΓÇ?Γé¼├óΓÇ?Γé¼├óΓÇ?Γé¼├óΓÇ?Γé¼├óΓÇ?Γé¼├óΓÇ?Γé¼├óΓÇ?Γé¼├óΓÇ?Γé¼├óΓÇ?Γé
¼├óΓÇ?Γé¼├óΓÇ?Γé¼├óΓÇ?Γé¼├óΓÇ?Γé¼├óΓÇ?Γé¼
                                                                               
                                                                               
                                                                               
                                                                               
                                    ^
C:\Users\aniru\OneDrive\Documents\My Portfolio\Projects\JavaProjects\ChessApp 
(took 2 months to 
make)\Scaccomatto_final\Scaccomatto\src\AnalysisGame.java:46: error: 
unmappable character (0x9D) for encoding windows-1252
        // ├óΓÇ?Γé¼├óΓÇ?Γé¼ start Stockfish ├óΓÇ?Γé¼├óΓÇ?Γé¼├óΓÇ?Γé¼├óΓÇ?Γé¼├óΓ
Ç?Γé¼├óΓÇ?Γé¼├óΓÇ?Γé¼├óΓÇ?Γé¼├óΓÇ?Γé¼├óΓÇ?Γé¼├óΓÇ?Γé¼├óΓÇ?Γé¼├óΓÇ?Γé¼├óΓÇ?Γé¼├ó
ΓÇ?Γé¼├óΓÇ?Γé¼├óΓÇ?Γé¼├óΓÇ?Γé¼├óΓÇ?Γé¼├óΓÇ?Γé¼├óΓÇ?Γé¼├óΓÇ?Γé¼├óΓÇ?Γé¼├óΓÇ?Γé¼├
óΓÇ?Γé¼├óΓÇ?Γé¼├óΓÇ?Γé¼├óΓÇ?Γé¼├óΓÇ?Γé¼├óΓÇ?Γé¼├óΓÇ?Γé¼├óΓÇ?Γé¼├óΓÇ?Γé¼├óΓÇ?Γé¼
├óΓÇ?Γé¼├óΓÇ?Γé¼├óΓÇ?Γé¼├óΓÇ?Γé¼├óΓÇ?Γé¼├óΓÇ?Γé¼├óΓÇ?Γé¼├óΓÇ?Γé¼├óΓÇ?Γé¼├óΓÇ?Γé
¼├óΓÇ?Γé¼├óΓÇ?Γé¼├óΓÇ?Γé¼├óΓÇ?Γé¼├óΓÇ?Γé¼
                                                                               
                                                                               
                                                                               
                                                                               
                                            ^
C:\Users\aniru\OneDrive\Documents\My Portfolio\Projects\JavaProjects\ChessApp 
(took 2 months to 
make)\Scaccomatto_final\Scaccomatto\src\AnalysisGame.java:46: error: 
unmappable character (0x9D) for encoding windows-1252
        // ├óΓÇ?Γé¼├óΓÇ?Γé¼ start Stockfish ├óΓÇ?Γé¼├óΓÇ?Γé¼├óΓÇ?Γé¼├óΓÇ?Γé¼├óΓ
Ç?Γé¼├óΓÇ?Γé¼├óΓÇ?Γé¼├óΓÇ?Γé¼├óΓÇ?Γé¼├óΓÇ?Γé¼├óΓÇ?Γé¼├óΓÇ?Γé¼├óΓÇ?Γé¼├óΓÇ?Γé¼├ó
ΓÇ?Γé¼├óΓÇ?Γé¼├óΓÇ?Γé¼├óΓÇ?Γé¼├óΓÇ?Γé¼├óΓÇ?Γé¼├óΓÇ?Γé¼├óΓÇ?Γé¼├óΓÇ?Γé¼├óΓÇ?Γé¼├
óΓÇ?Γé¼├óΓÇ?Γé¼├óΓÇ?Γé¼├óΓÇ?Γé¼├óΓÇ?Γé¼├óΓÇ?Γé¼├óΓÇ?Γé¼├óΓÇ?Γé¼├óΓÇ?Γé¼├óΓÇ?Γé¼
├óΓÇ?Γé¼├óΓÇ?Γé¼├óΓÇ?Γé¼├óΓÇ?Γé¼├óΓÇ?Γé¼├óΓÇ?Γé¼├óΓÇ?Γé¼├óΓÇ?Γé¼├óΓÇ?Γé¼├óΓÇ?Γé
¼├óΓÇ?Γé¼├óΓÇ?Γé¼├óΓÇ?Γé¼├óΓÇ?Γé¼├óΓÇ?Γé¼
                                                                               
                                                                               
                                                                               
                                                                               
                                                    ^
C:\Users\aniru\OneDrive\Documents\My Portfolio\Projects\JavaProjects\ChessApp 
(took 2 months to 
make)\Scaccomatto_final\Scaccomatto\src\AnalysisGame.java:46: error: 
unmappable character (0x9D) for encoding windows-1252
        // ├óΓÇ?Γé¼├óΓÇ?Γé¼ start Stockfish ├óΓÇ?Γé¼├óΓÇ?Γé¼├óΓÇ?Γé¼├óΓÇ?Γé¼├óΓ
Ç?Γé¼├óΓÇ?Γé¼├óΓÇ?Γé¼├óΓÇ?Γé¼├óΓÇ?Γé¼├óΓÇ?Γé¼├óΓÇ?Γé¼├óΓÇ?Γé¼├óΓÇ?Γé¼├óΓÇ?Γé¼├ó
ΓÇ?Γé¼├óΓÇ?Γé¼├óΓÇ?Γé¼├óΓÇ?Γé¼├óΓÇ?Γé¼├óΓÇ?Γé¼├óΓÇ?Γé¼├óΓÇ?Γé¼├óΓÇ?Γé¼├óΓÇ?Γé¼├
óΓÇ?Γé¼├óΓÇ?Γé¼├óΓÇ?Γé¼├óΓÇ?Γé¼├óΓÇ?Γé¼├óΓÇ?Γé¼├óΓÇ?Γé¼├óΓÇ?Γé¼├óΓÇ?Γé¼├óΓÇ?Γé¼
├óΓÇ?Γé¼├óΓÇ?Γé¼├óΓÇ?Γé¼├óΓÇ?Γé¼├óΓÇ?Γé¼├óΓÇ?Γé¼├óΓÇ?Γé¼├óΓÇ?Γé¼├óΓÇ?Γé¼├óΓÇ?Γé
¼├óΓÇ?Γé¼├óΓÇ?Γé¼├óΓÇ?Γé¼├óΓÇ?Γé¼├óΓÇ?Γé¼
                                                                               
                                                                               
                                                                               
                                                                               
                                                            ^
C:\Users\aniru\OneDrive\Documents\My Portfolio\Projects\JavaProjects\ChessApp 
(took 2 months to 
make)\Scaccomatto_final\Scaccomatto\src\AnalysisGame.java:46: error: 
unmappable character (0x9D) for encoding windows-1252
        // ├óΓÇ?Γé¼├óΓÇ?Γé¼ start Stockfish ├óΓÇ?Γé¼├óΓÇ?Γé¼├óΓÇ?Γé¼├óΓÇ?Γé¼├óΓ
Ç?Γé¼├óΓÇ?Γé¼├óΓÇ?Γé¼├óΓÇ?Γé¼├óΓÇ?Γé¼├óΓÇ?Γé¼├óΓÇ?Γé¼├óΓÇ?Γé¼├óΓÇ?Γé¼├óΓÇ?Γé¼├ó
ΓÇ?Γé¼├óΓÇ?Γé¼├óΓÇ?Γé¼├óΓÇ?Γé¼├óΓÇ?Γé¼├óΓÇ?Γé¼├óΓÇ?Γé¼├óΓÇ?Γé¼├óΓÇ?Γé¼├óΓÇ?Γé¼├
óΓÇ?Γé¼├óΓÇ?Γé¼├óΓÇ?Γé¼├óΓÇ?Γé¼├óΓÇ?Γé¼├óΓÇ?Γé¼├óΓÇ?Γé¼├óΓÇ?Γé¼├óΓÇ?Γé¼├óΓÇ?Γé¼
├óΓÇ?Γé¼├óΓÇ?Γé¼├óΓÇ?Γé¼├óΓÇ?Γé¼├óΓÇ?Γé¼├óΓÇ?Γé¼├óΓÇ?Γé¼├óΓÇ?Γé¼├óΓÇ?Γé¼├óΓÇ?Γé
¼├óΓÇ?Γé¼├óΓÇ?Γé¼├óΓÇ?Γé¼├óΓÇ?Γé¼├óΓÇ?Γé¼
                                                                               
                                                                               
                                                                               
                                                                               
                                                                    ^
C:\Users\aniru\OneDrive\Documents\My Portfolio\Projects\JavaProjects\ChessApp 
(took 2 months to 
make)\Scaccomatto_final\Scaccomatto\src\AnalysisGame.java:46: error: 
unmappable character (0x9D) for encoding windows-1252
        // ├óΓÇ?Γé¼├óΓÇ?Γé¼ start Stockfish ├óΓÇ?Γé¼├óΓÇ?Γé¼├óΓÇ?Γé¼├óΓÇ?Γé¼├óΓ
Ç?Γé¼├óΓÇ?Γé¼├óΓÇ?Γé¼├óΓÇ?Γé¼├óΓÇ?Γé¼├óΓÇ?Γé¼├óΓÇ?Γé¼├óΓÇ?Γé¼├óΓÇ?Γé¼├óΓÇ?Γé¼├ó
ΓÇ?Γé¼├óΓÇ?Γé¼├óΓÇ?Γé¼├óΓÇ?Γé¼├óΓÇ?Γé¼├óΓÇ?Γé¼├óΓÇ?Γé¼├óΓÇ?Γé¼├óΓÇ?Γé¼├óΓÇ?Γé¼├
óΓÇ?Γé¼├óΓÇ?Γé¼├óΓÇ?Γé¼├óΓÇ?Γé¼├óΓÇ?Γé¼├óΓÇ?Γé¼├óΓÇ?Γé¼├óΓÇ?Γé¼├óΓÇ?Γé¼├óΓÇ?Γé¼
├óΓÇ?Γé¼├óΓÇ?Γé¼├óΓÇ?Γé¼├óΓÇ?Γé¼├óΓÇ?Γé¼├óΓÇ?Γé¼├óΓÇ?Γé¼├óΓÇ?Γé¼├óΓÇ?Γé¼├óΓÇ?Γé
¼├óΓÇ?Γé¼├óΓÇ?Γé¼├óΓÇ?Γé¼├óΓÇ?Γé¼├óΓÇ?Γé¼
                                                                               
                                                                               
                                                                               
                                                                               
                                                                            ^
C:\Users\aniru\OneDrive\Documents\My Portfolio\Projects\JavaProjects\ChessApp 
(took 2 months to 
make)\Scaccomatto_final\Scaccomatto\src\AnalysisGame.java:46: error: 
unmappable character (0x9D) for encoding windows-1252
        // ├óΓÇ?Γé¼├óΓÇ?Γé¼ start Stockfish ├óΓÇ?Γé¼├óΓÇ?Γé¼├óΓÇ?Γé¼├óΓÇ?Γé¼├óΓ
Ç?Γé¼├óΓÇ?Γé¼├óΓÇ?Γé¼├óΓÇ?Γé¼├óΓÇ?Γé¼├óΓÇ?Γé¼├óΓÇ?Γé¼├óΓÇ?Γé¼├óΓÇ?Γé¼├óΓÇ?Γé¼├ó
ΓÇ?Γé¼├óΓÇ?Γé¼├óΓÇ?Γé¼├óΓÇ?Γé¼├óΓÇ?Γé¼├óΓÇ?Γé¼├óΓÇ?Γé¼├óΓÇ?Γé¼├óΓÇ?Γé¼├óΓÇ?Γé¼├
óΓÇ?Γé¼├óΓÇ?Γé¼├óΓÇ?Γé¼├óΓÇ?Γé¼├óΓÇ?Γé¼├óΓÇ?Γé¼├óΓÇ?Γé¼├óΓÇ?Γé¼├óΓÇ?Γé¼├óΓÇ?Γé¼
├óΓÇ?Γé¼├óΓÇ?Γé¼├óΓÇ?Γé¼├óΓÇ?Γé¼├óΓÇ?Γé¼├óΓÇ?Γé¼├óΓÇ?Γé¼├óΓÇ?Γé¼├óΓÇ?Γé¼├óΓÇ?Γé
¼├óΓÇ?Γé¼├óΓÇ?Γé¼├óΓÇ?Γé¼├óΓÇ?Γé¼├óΓÇ?Γé¼
                                                                               
                                                                               
                                                                               
                                                                               
                                                                               
     ^
C:\Users\aniru\OneDrive\Documents\My Portfolio\Projects\JavaProjects\ChessApp 
(took 2 months to 
make)\Scaccomatto_final\Scaccomatto\src\AnalysisGame.java:46: error: 
unmappable character (0x9D) for encoding windows-1252
        // ├óΓÇ?Γé¼├óΓÇ?Γé¼ start Stockfish ├óΓÇ?Γé¼├óΓÇ?Γé¼├óΓÇ?Γé¼├óΓÇ?Γé¼├óΓ
Ç?Γé¼├óΓÇ?Γé¼├óΓÇ?Γé¼├óΓÇ?Γé¼├óΓÇ?Γé¼├óΓÇ?Γé¼├óΓÇ?Γé¼├óΓÇ?Γé¼├óΓÇ?Γé¼├óΓÇ?Γé¼├ó
ΓÇ?Γé¼├óΓÇ?Γé¼├óΓÇ?Γé¼├óΓÇ?Γé¼├óΓÇ?Γé¼├óΓÇ?Γé¼├óΓÇ?Γé¼├óΓÇ?Γé¼├óΓÇ?Γé¼├óΓÇ?Γé¼├
óΓÇ?Γé¼├óΓÇ?Γé¼├óΓÇ?Γé¼├óΓÇ?Γé¼├óΓÇ?Γé¼├óΓÇ?Γé¼├óΓÇ?Γé¼├óΓÇ?Γé¼├óΓÇ?Γé¼├óΓÇ?Γé¼
├óΓÇ?Γé¼├óΓÇ?Γé¼├óΓÇ?Γé¼├óΓÇ?Γé¼├óΓÇ?Γé¼├óΓÇ?Γé¼├óΓÇ?Γé¼├óΓÇ?Γé¼├óΓÇ?Γé¼├óΓÇ?Γé
¼├óΓÇ?Γé¼├óΓÇ?Γé¼├óΓÇ?Γé¼├óΓÇ?Γé¼├óΓÇ?Γé¼
                                                                               
                                                                               
                                                                               
                                                                               
                                                                               
             ^
C:\Users\aniru\OneDrive\Documents\My Portfolio\Projects\JavaProjects\ChessApp 
(took 2 months to 
make)\Scaccomatto_final\Scaccomatto\src\AnalysisGame.java:46: error: 
unmappable character (0x9D) for encoding windows-1252
        // ├óΓÇ?Γé¼├óΓÇ?Γé¼ start Stockfish ├óΓÇ?Γé¼├óΓÇ?Γé¼├óΓÇ?Γé¼├óΓÇ?Γé¼├óΓ
Ç?Γé¼├óΓÇ?Γé¼├óΓÇ?Γé¼├óΓÇ?Γé¼├óΓÇ?Γé¼├óΓÇ?Γé¼├óΓÇ?Γé¼├óΓÇ?Γé¼├óΓÇ?Γé¼├óΓÇ?Γé¼├ó
ΓÇ?Γé¼├óΓÇ?Γé¼├óΓÇ?Γé¼├óΓÇ?Γé¼├óΓÇ?Γé¼├óΓÇ?Γé¼├óΓÇ?Γé¼├óΓÇ?Γé¼├óΓÇ?Γé¼├óΓÇ?Γé¼├
óΓÇ?Γé¼├óΓÇ?Γé¼├óΓÇ?Γé¼├óΓÇ?Γé¼├óΓÇ?Γé¼├óΓÇ?Γé¼├óΓÇ?Γé¼├óΓÇ?Γé¼├óΓÇ?Γé¼├óΓÇ?Γé¼
├óΓÇ?Γé¼├óΓÇ?Γé¼├óΓÇ?Γé¼├óΓÇ?Γé¼├óΓÇ?Γé¼├óΓÇ?Γé¼├óΓÇ?Γé¼├óΓÇ?Γé¼├óΓÇ?Γé¼├óΓÇ?Γé
¼├óΓÇ?Γé¼├óΓÇ?Γé¼├óΓÇ?Γé¼├óΓÇ?Γé¼├óΓÇ?Γé¼
                                                                               
                                                                               
                                                                               
                                                                               
                                                                               
                     ^
C:\Users\aniru\OneDrive\Documents\My Portfolio\Projects\JavaProjects\ChessApp 
(took 2 months to 
make)\Scaccomatto_final\Scaccomatto\src\AnalysisGame.java:46: error: 
unmappable character (0x9D) for encoding windows-1252
        // ├óΓÇ?Γé¼├óΓÇ?Γé¼ start Stockfish ├óΓÇ?Γé¼├óΓÇ?Γé¼├óΓÇ?Γé¼├óΓÇ?Γé¼├óΓ
Ç?Γé¼├óΓÇ?Γé¼├óΓÇ?Γé¼├óΓÇ?Γé¼├óΓÇ?Γé¼├óΓÇ?Γé¼├óΓÇ?Γé¼├óΓÇ?Γé¼├óΓÇ?Γé¼├óΓÇ?Γé¼├ó
ΓÇ?Γé¼├óΓÇ?Γé¼├óΓÇ?Γé¼├óΓÇ?Γé¼├óΓÇ?Γé¼├óΓÇ?Γé¼├óΓÇ?Γé¼├óΓÇ?Γé¼├óΓÇ?Γé¼├óΓÇ?Γé¼├
óΓÇ?Γé¼├óΓÇ?Γé¼├óΓÇ?Γé¼├óΓÇ?Γé¼├óΓÇ?Γé¼├óΓÇ?Γé¼├óΓÇ?Γé¼├óΓÇ?Γé¼├óΓÇ?Γé¼├óΓÇ?Γé¼
├óΓÇ?Γé¼├óΓÇ?Γé¼├óΓÇ?Γé¼├óΓÇ?Γé¼├óΓÇ?Γé¼├óΓÇ?Γé¼├óΓÇ?Γé¼├óΓÇ?Γé¼├óΓÇ?Γé¼├óΓÇ?Γé
¼├óΓÇ?Γé¼├óΓÇ?Γé¼├óΓÇ?Γé¼├óΓÇ?Γé¼├óΓÇ?Γé¼
                                                                               
                                                                               
                                                                               
                                                                               
                                                                               
                             ^
C:\Users\aniru\OneDrive\Documents\My Portfolio\Projects\JavaProjects\ChessApp 
(took 2 months to 
make)\Scaccomatto_final\Scaccomatto\src\AnalysisGame.java:46: error: 
unmappable character (0x9D) for encoding windows-1252
        // ├óΓÇ?Γé¼├óΓÇ?Γé¼ start Stockfish ├óΓÇ?Γé¼├óΓÇ?Γé¼├óΓÇ?Γé¼├óΓÇ?Γé¼├óΓ
Ç?Γé¼├óΓÇ?Γé¼├óΓÇ?Γé¼├óΓÇ?Γé¼├óΓÇ?Γé¼├óΓÇ?Γé¼├óΓÇ?Γé¼├óΓÇ?Γé¼├óΓÇ?Γé¼├óΓÇ?Γé¼├ó
ΓÇ?Γé¼├óΓÇ?Γé¼├óΓÇ?Γé¼├óΓÇ?Γé¼├óΓÇ?Γé¼├óΓÇ?Γé¼├óΓÇ?Γé¼├óΓÇ?Γé¼├óΓÇ?Γé¼├óΓÇ?Γé¼├
óΓÇ?Γé¼├óΓÇ?Γé¼├óΓÇ?Γé¼├óΓÇ?Γé¼├óΓÇ?Γé¼├óΓÇ?Γé¼├óΓÇ?Γé¼├óΓÇ?Γé¼├óΓÇ?Γé¼├óΓÇ?Γé¼
├óΓÇ?Γé¼├óΓÇ?Γé¼├óΓÇ?Γé¼├óΓÇ?Γé¼├óΓÇ?Γé¼├óΓÇ?Γé¼├óΓÇ?Γé¼├óΓÇ?Γé¼├óΓÇ?Γé¼├óΓÇ?Γé
¼├óΓÇ?Γé¼├óΓÇ?Γé¼├óΓÇ?Γé¼├óΓÇ?Γé¼├óΓÇ?Γé¼
                                                                               
                                                                               
                                                                               
                                                                               
                                                                               
                                     ^
C:\Users\aniru\OneDrive\Documents\My Portfolio\Projects\JavaProjects\ChessApp 
(took 2 months to 
make)\Scaccomatto_final\Scaccomatto\src\AnalysisGame.java:76: error: 
unmappable character (0x9D) for encoding windows-1252
    // ├óΓÇ?Γé¼├óΓÇ?Γé¼ UI ├óΓÇ?Γé¼├óΓÇ?Γé¼├óΓÇ?Γé¼├óΓÇ?Γé¼├óΓÇ?Γé¼├óΓÇ?Γé¼├óΓÇ
?Γé¼├óΓÇ?Γé¼├óΓÇ?Γé¼├óΓÇ?Γé¼├óΓÇ?Γé¼├óΓÇ?Γé¼├óΓÇ?Γé¼├óΓÇ?Γé¼├óΓÇ?Γé¼├óΓÇ?Γé¼├óΓ
Ç?Γé¼├óΓÇ?Γé¼├óΓÇ?Γé¼├óΓÇ?Γé¼├óΓÇ?Γé¼├óΓÇ?Γé¼├óΓÇ?Γé¼├óΓÇ?Γé¼├óΓÇ?Γé¼├óΓÇ?Γé¼├ó
ΓÇ?Γé¼├óΓÇ?Γé¼├óΓÇ?Γé¼├óΓÇ?Γé¼├óΓÇ?Γé¼├óΓÇ?Γé¼├óΓÇ?Γé¼├óΓÇ?Γé¼├óΓÇ?Γé¼├óΓÇ?Γé¼├
óΓÇ?Γé¼├óΓÇ?Γé¼├óΓÇ?Γé¼├óΓÇ?Γé¼├óΓÇ?Γé¼├óΓÇ?Γé¼├óΓÇ?Γé¼├óΓÇ?Γé¼├óΓÇ?Γé¼├óΓÇ?Γé¼
├óΓÇ?Γé¼├óΓÇ?Γé¼├óΓÇ?Γé¼├óΓÇ?Γé¼├óΓÇ?Γé¼├óΓÇ?Γé¼├óΓÇ?Γé¼├óΓÇ?Γé¼├óΓÇ?Γé¼├óΓÇ?Γé
¼├óΓÇ?Γé¼├óΓÇ?Γé¼├óΓÇ?Γé¼├óΓÇ?Γé¼├óΓÇ?Γé¼├óΓÇ?Γé¼├óΓÇ?Γé¼├óΓÇ?Γé¼├óΓÇ?Γé¼├óΓÇ?Γ
é¼
           ^
100 errors
only showing the first 100 errors, of 1356 total; use -Xmaxerrs if you would 
like to see more
